../Core/Src/stm32f4xx_it.c:141:6:NMI_Handler	4	static
../Core/Src/stm32f4xx_it.c:156:6:HardFault_Handler	4	static
../Core/Src/stm32f4xx_it.c:171:6:MemManage_Handler	4	static
../Core/Src/stm32f4xx_it.c:186:6:BusFault_Handler	4	static
../Core/Src/stm32f4xx_it.c:201:6:UsageFault_Handler	4	static
../Core/Src/stm32f4xx_it.c:216:6:SVC_Handler	4	static
../Core/Src/stm32f4xx_it.c:229:6:DebugMon_Handler	4	static
../Core/Src/stm32f4xx_it.c:242:6:PendSV_Handler	4	static
../Core/Src/stm32f4xx_it.c:255:6:SysTick_Handler	4	static
../Core/Src/stm32f4xx_it.c:276:6:ADC_IRQHandler	8	static
../Core/Src/stm32f4xx_it.c:291:6:EXTI9_5_IRQHandler	8	static
../Core/Src/stm32f4xx_it.c:306:6:EXTI15_10_IRQHandler	8	static
../Core/Src/stm32f4xx_it.c:321:6:TIM6_DAC_IRQHandler	8	static
../Core/Src/stm32f4xx_it.c:335:6:OTG_FS_IRQHandler	8	static
../Core/Src/stm32f4xx_it.c:348:11:run_PI_Controller	40	static
../Core/Src/stm32f4xx_it.c:372:6:Reset_FOC_Integrators	4	static
../Core/Src/stm32f4xx_it.c:379:11:fmaxf32	16	static
../Core/Src/stm32f4xx_it.c:380:11:fminf32	16	static
../Core/Src/stm32f4xx_it.c:382:6:execute_SVPWM	56	static
../Core/Src/stm32f4xx_it.c:423:6:HAL_ADCEx_InjectedConvCpltCallback	144	static
../Core/Src/stm32f4xx_it.c:515:6:Init_Rotor_Angle	16	static
../Core/Src/stm32f4xx_it.c:531:6:HAL_GPIO_EXTI_Callback	32	static
