Archive member included to satisfy reference by file (symbol)

.pio/build/genericSTM32F405RG/libFrameworkArduino.a(Print.cpp.o)
                              .pio/build/genericSTM32F405RG/libe78/Simple FOC/communication/Commander.cpp.o (Print::print(__FlashStringHelper const*))
.pio/build/genericSTM32F405RG/libFrameworkArduino.a(Stream.cpp.o)
                              .pio/build/genericSTM32F405RG/lib5d2/Wire/Wire.cpp.o (Stream::readBytes(char*, unsigned int))
.pio/build/genericSTM32F405RG/libFrameworkArduino.a(WInterrupts.cpp.o)
                              .pio/build/genericSTM32F405RG/libe78/Simple FOC/communication/StepDirListener.cpp.o (attachInterrupt(unsigned long, std::function<void ()>, unsigned long))
.pio/build/genericSTM32F405RG/libFrameworkArduino.a(WString.cpp.o)
                              .pio/build/genericSTM32F405RG/src/main.cpp.o (String::~String())
.pio/build/genericSTM32F405RG/libFrameworkArduino.a(dtostrf.c.o)
                              .pio/build/genericSTM32F405RG/libFrameworkArduino.a(WString.cpp.o) (dtostrf)
.pio/build/genericSTM32F405RG/libFrameworkArduino.a(itoa.c.o)
                              .pio/build/genericSTM32F405RG/libFrameworkArduino.a(WString.cpp.o) (ltoa)
.pio/build/genericSTM32F405RG/libFrameworkArduino.a(main.cpp.o)
                              c:/users/nicho/.platformio/packages/toolchain-gccarmnoneeabi/bin/../lib/gcc/arm-none-eabi/12.3.1/../../../../arm-none-eabi/lib/thumb/v7e-m+fp/hard/crt0.o (main)
.pio/build/genericSTM32F405RG/libFrameworkArduino.a(pins_arduino.c.o)
                              .pio/build/genericSTM32F405RG/lib5d2/Wire/Wire.cpp.o (pinNametoDigitalPin)
.pio/build/genericSTM32F405RG/libFrameworkArduino.a(startup_stm32yyxx.S.o)
                              (Reset_Handler)
.pio/build/genericSTM32F405RG/libFrameworkArduino.a(wiring_analog.c.o)
                              .pio/build/genericSTM32F405RG/src/main.cpp.o (analogReadResolution)
.pio/build/genericSTM32F405RG/libFrameworkArduino.a(wiring_digital.c.o)
                              .pio/build/genericSTM32F405RG/lib5d2/Wire/Wire.cpp.o (pinMode)
.pio/build/genericSTM32F405RG/libFrameworkArduino.a(wiring_pulse.cpp.o)
                              .pio/build/genericSTM32F405RG/libe78/Simple FOC/sensors/MagneticSensorPWM.cpp.o (pulseIn(unsigned long, unsigned long, unsigned long))
.pio/build/genericSTM32F405RG/libFrameworkArduino.a(wiring_time.c.o)
                              .pio/build/genericSTM32F405RG/USBDevice/src/USBSerial.cpp.o (millis)
.pio/build/genericSTM32F405RG/libFrameworkArduino.a(WSerial.cpp.o)
                              .pio/build/genericSTM32F405RG/libFrameworkArduino.a(main.cpp.o) (serialEventRun())
.pio/build/genericSTM32F405RG/libFrameworkArduino.a(board.c.o)
                              .pio/build/genericSTM32F405RG/libFrameworkArduino.a(main.cpp.o) (init)
.pio/build/genericSTM32F405RG/libFrameworkArduino.a(hooks.c.o)
                              .pio/build/genericSTM32F405RG/libFrameworkArduino.a(wiring_time.c.o) (yield)
.pio/build/genericSTM32F405RG/libFrameworkArduino.a(HardwareSerial.cpp.o)
                              .pio/build/genericSTM32F405RG/libFrameworkArduino.a(WSerial.cpp.o) (HardwareSerial::available())
c:/users/nicho/.platformio/packages/toolchain-gccarmnoneeabi/bin/../lib/gcc/arm-none-eabi/12.3.1/thumb/v7e-m+fp/hard\libgcc.a(_arm_muldf3.o)
                              .pio/build/genericSTM32F405RG/SrcWrapper/src/HardwareTimer.cpp.o (__aeabi_dmul)
c:/users/nicho/.platformio/packages/toolchain-gccarmnoneeabi/bin/../lib/gcc/arm-none-eabi/12.3.1/thumb/v7e-m+fp/hard\libgcc.a(_arm_addsubdf3.o)
                              .pio/build/genericSTM32F405RG/libFrameworkArduino.a(Print.cpp.o) (__aeabi_dsub)
c:/users/nicho/.platformio/packages/toolchain-gccarmnoneeabi/bin/../lib/gcc/arm-none-eabi/12.3.1/thumb/v7e-m+fp/hard\libgcc.a(_arm_muldivdf3.o)
                              .pio/build/genericSTM32F405RG/SrcWrapper/src/HardwareTimer.cpp.o (__aeabi_ddiv)
c:/users/nicho/.platformio/packages/toolchain-gccarmnoneeabi/bin/../lib/gcc/arm-none-eabi/12.3.1/thumb/v7e-m+fp/hard\libgcc.a(_arm_cmpdf2.o)
                              .pio/build/genericSTM32F405RG/libFrameworkArduino.a(Print.cpp.o) (__aeabi_dcmplt)
c:/users/nicho/.platformio/packages/toolchain-gccarmnoneeabi/bin/../lib/gcc/arm-none-eabi/12.3.1/thumb/v7e-m+fp/hard\libgcc.a(_arm_unorddf2.o)
                              .pio/build/genericSTM32F405RG/libFrameworkArduino.a(Print.cpp.o) (__aeabi_dcmpun)
c:/users/nicho/.platformio/packages/toolchain-gccarmnoneeabi/bin/../lib/gcc/arm-none-eabi/12.3.1/thumb/v7e-m+fp/hard\libgcc.a(_arm_fixdfsi.o)
                              .pio/build/genericSTM32F405RG/libe78/Simple FOC/sensors/Encoder.cpp.o (__aeabi_d2iz)
c:/users/nicho/.platformio/packages/toolchain-gccarmnoneeabi/bin/../lib/gcc/arm-none-eabi/12.3.1/thumb/v7e-m+fp/hard\libgcc.a(_arm_fixunsdfsi.o)
[...]
Memory Configuration

Name             Origin             Length             Attributes
*default*        0x00000000         0xffffffff
CCMRAM           0x10000000         0x00010000         xrw
RAM              0x20000000         0x00020000         xrw
FLASH            0x08000000         0x00100000         xr

Linker script and memory map

                0x20020000                        _estack = (ORIGIN (RAM) + LENGTH (RAM))
                0x00000200                        _Min_Heap_Size = 0x200
                0x00000400                        _Min_Stack_Size = 0x400

.isr_vector     0x08000000      0x188
                0x08000000                        . = ALIGN (0x4)
 *(.isr_vector)
 .isr_vector    0x08000000      0x188 .pio/build/genericSTM32F405RG/libFrameworkArduino.a(startup_stm32yyxx.S.o)
                0x08000000                g_pfnVectors
                0x08000188                        . = ALIGN (0x4)

.text           0x08000188     0xeba4
                0x08000188                        . = ALIGN (0x4)
 *(.text)
 .text          0x08000188      0x378 c:/users/nicho/.platformio/packages/toolchain-gccarmnoneeabi/bin/../lib/gcc/arm-none-eabi/12.3.1/thumb/v7e-m+fp/hard\libgcc.a(_arm_addsubdf3.o)
                0x08000188                __aeabi_drsub
                0x08000190                __aeabi_dsub
                0x08000190                __subdf3
                0x08000194                __aeabi_dadd
                0x08000194                __adddf3
                0x0800040c                __floatunsidf
                0x0800040c                __aeabi_ui2d
                0x0800042c                __floatsidf
                0x0800042c                __aeabi_i2d
                0x08000450                __aeabi_f2d
                0x08000450                __extendsfdf2
                0x08000494                __floatundidf
                0x08000494                __aeabi_ul2d
                0x080004a4                __floatdidf
                0x080004a4                __aeabi_l2d
 .text          0x08000500      0x424 c:/users/nicho/.platformio/packages/toolchain-gccarmnoneeabi/bin/../lib/gcc/arm-none-eabi/12.3.1/thumb/v7e-m+fp/hard\libgcc.a(_arm_muldivdf3.o)
                0x08000500                __aeabi_dmul
                0x08000500                __muldf3
                0x08000754                __divdf3
                0x08000754                __aeabi_ddiv
 .text          0x08000924       0xa0 c:/users/nicho/.platformio/packages/toolchain-gccarmnoneeabi/bin/../lib/gcc/arm-none-eabi/12.3.1/thumb/v7e-m+fp/hard\libgcc.a(_arm_truncdfsf2.o)
                0x08000924                __truncdfsf2
                0x08000924                __aeabi_d2f
 .text          0x080009c4       0x30 c:/users/nicho/.platformio/packages/toolchain-gccarmnoneeabi/bin/../lib/gcc/arm-none-eabi/12.3.1/thumb/v7e-m+fp/hard\libgcc.a(_aeabi_uldivmod.o)
                0x080009c4                __aeabi_uldivmod
 .text          0x080009f4        0x4 c:/users/nicho/.platformio/packages/toolchain-gccarmnoneeabi/bin/../lib/gcc/arm-none-eabi/12.3.1/thumb/v7e-m+fp/hard\libgcc.a(_dvmd_tls.o)
                0x080009f4                __aeabi_idiv0
                0x080009f4                __aeabi_ldiv0
 .text          0x080009f8       0x10 c:/users/nicho/.platformio/packages/toolchain-gccarmnoneeabi/bin/../lib/gcc/arm-none-eabi/12.3.1/../../../../arm-none-eabi/lib/thumb/v7e-m+fp/hard\libc_nano.a(libc_a-strlen.o)
                0x080009f8                strlen
 *(.text*)
 .text.__do_global_dtors_aux
                0x08000a08       0x24 c:/users/nicho/.platformio/packages/toolchain-gccarmnoneeabi/bin/../lib/gcc/arm-none-eabi/12.3.1/thumb/v7e-m+fp/hard/crtbegin.o
 .text.frame_dummy
                0x08000a2c       0x1c c:/users/nicho/.platformio/packages/toolchain-gccarmnoneeabi/bin/../lib/gcc/arm-none-eabi/12.3.1/thumb/v7e-m+fp/hard/crtbegin.o
 .text._ZN9USBSerial5writeEh
                0x08000a48       0x18 .pio/build/genericSTM32F405RG/USBDevice/src/USBSerial.cpp.o
                0x08000a48                USBSerial::write(unsigned char)
 .text._ZN9USBSerial17availableForWriteEv
                0x08000a60        0xc .pio/build/genericSTM32F405RG/USBDevice/src/USBSerial.cpp.o
                0x08000a60                USBSerial::availableForWrite()
 .text._ZN9USBSerial5writeEPKhj
                0x08000a6c       0x48 .pio/build/genericSTM32F405RG/USBDevice/src/USBSerial.cpp.o
                0x08000a6c                USBSerial::write(unsigned char const*, unsigned int)
 .text._ZN9USBSerial9availableEv
                0x08000ab4        0xc .pio/build/genericSTM32F405RG/USBDevice/src/USBSerial.cpp.o
                0x08000ab4                USBSerial::available()
 .text._ZN9USBSerial4readEv
                0x08000ac0       0x18 .pio/build/genericSTM32F405RG/USBDevice/src/USBSerial.cpp.o
                0x08000ac0                USBSerial::read()
 .text._ZN9USBSerial9readBytesEPcj
                0x08000ad8       0x4c .pio/build/genericSTM32F405RG/USBDevice/src/USBSerial.cpp.o
                0x08000ad8                USBSerial::readBytes(char*, unsigned int)
 .text._ZN9USBSerial14readBytesUntilEcPcj
                0x08000b24       0x68 .pio/build/genericSTM32F405RG/USBDevice/src/USBSerial.cpp.o
                0x08000b24                USBSerial::readBytesUntil(char, char*, unsigned int)
 .text._ZN9USBSerial4peekEv
                0x08000b8c        0xc .pio/build/genericSTM32F405RG/USBDevice/src/USBSerial.cpp.o
                0x08000b8c                USBSerial::peek()
 .text._ZN9USBSerial5flushEv
                0x08000b98       0x14 .pio/build/genericSTM32F405RG/USBDevice/src/USBSerial.cpp.o
                0x08000b98                USBSerial::flush()
 .text._ZN9USBSerial5beginEm
                0x08000bac        0x4 .pio/build/genericSTM32F405RG/USBDevice/src/USBSerial.cpp.o
                0x08000bac                USBSerial::begin(unsigned long)
 .text._ZN9USBSerialcvbEv
                0x08000bb0       0x14 .pio/build/genericSTM32F405RG/USBDevice/src/USBSerial.cpp.o
                0x08000bb0                USBSerial::operator bool()
 .text.startup._GLOBAL__sub_I_SerialUSB
                0x08000bc4       0x1c .pio/build/genericSTM32F405RG/USBDevice/src/USBSerial.cpp.o
 .text.CDC_TransmitQueue_Init
                0x08000be0        0xc .pio/build/genericSTM32F405RG/USBDevice/src/cdc/cdc_queue.c.o
                0x08000be0                CDC_TransmitQueue_Init
 .text.CDC_TransmitQueue_WriteSize
                0x08000bec       0x20 .pio/build/genericSTM32F405RG/USBDevice/src/cdc/cdc_queue.c.o
                0x08000bec                CDC_TransmitQueue_WriteSize
 .text.CDC_TransmitQueue_ReadSize
                0x08000c0c       0x22 .pio/build/genericSTM32F405RG/USBDevice/src/cdc/cdc_queue.c.o
                0x08000c0c                CDC_TransmitQueue_ReadSize
 .text.CDC_TransmitQueue_Enqueue
                0x08000c2e       0x46 .pio/build/genericSTM32F405RG/USBDevice/src/cdc/cdc_queue.c.o
                0x08000c2e                CDC_TransmitQueue_Enqueue
 .text.CDC_TransmitQueue_ReadBlock
                0x08000c74       0x36 .pio/build/genericSTM32F405RG/USBDevice/src/cdc/cdc_queue.c.o
                0x08000c74                CDC_TransmitQueue_ReadBlock
 .text.CDC_TransmitQueue_CommitRead
                0x08000caa       0x14 .pio/build/genericSTM32F405RG/USBDevice/src/cdc/cdc_queue.c.o
                0x08000caa                CDC_TransmitQueue_CommitRead
 .text.CDC_ReceiveQueue_Init
                0x08000cbe       0x12 .pio/build/genericSTM32F405RG/USBDevice/src/cdc/cdc_queue.c.o
                0x08000cbe                CDC_ReceiveQueue_Init
 .text.CDC_ReceiveQueue_ReserveBlock
                0x08000cd0       0x74 .pio/build/genericSTM32F405RG/USBDevice/src/cdc/cdc_queue.c.o
                0x08000cd0                CDC_ReceiveQueue_ReserveBlock
 .text.CDC_ReceiveQueue_CommitBlock
                0x08000d44       0x36 .pio/build/genericSTM32F405RG/USBDevice/src/cdc/cdc_queue.c.o
                0x08000d44                CDC_ReceiveQueue_CommitBlock
 .text.CDC_ReceiveQueue_ReadSize
                0x08000d7a       0x50 .pio/build/genericSTM32F405RG/USBDevice/src/cdc/cdc_queue.c.o
                0x08000d7a                CDC_ReceiveQueue_ReadSize
 .text.CDC_ReceiveQueue_Dequeue
                0x08000dca       0x6e .pio/build/genericSTM32F405RG/USBDevice/src/cdc/cdc_queue.c.o
                0x08000dca                CDC_ReceiveQueue_Dequeue
 .text.CDC_ReceiveQueue_Peek
                0x08000e38       0x4c .pio/build/genericSTM32F405RG/USBDevice/src/cdc/cdc_queue.c.o
                0x08000e38                CDC_ReceiveQueue_Peek
 .text.CDC_ReceiveQueue_Read
                0x08000e84       0x90 .pio/build/genericSTM32F405RG/USBDevice/src/cdc/cdc_queue.c.o
                0x08000e84                CDC_ReceiveQueue_Read
 .text.CDC_ReceiveQueue_ReadUntil
                0x08000f14       0xd0 .pio/build/genericSTM32F405RG/USBDevice/src/cdc/cdc_queue.c.o
                0x08000f14                CDC_ReceiveQueue_ReadUntil
 .text.USBD_CDC_EP0_RxReady
                0x08000fe4       0x38 .pio/build/genericSTM32F405RG/USBDevice/src/cdc/usbd_cdc.c.o
 .text.USBD_CDC_GetDeviceQualifierDescriptor
                0x0800101c        0xc .pio/build/genericSTM32F405RG/USBDevice/src/cdc/usbd_cdc.c.o
                0x0800101c                USBD_CDC_GetDeviceQualifierDescriptor
 .text.USBD_CDC_GetOtherSpeedCfgDesc
                0x08001028       0x48 .pio/build/genericSTM32F405RG/USBDevice/src/cdc/usbd_cdc.c.o
 .text.USBD_CDC_GetFSCfgDesc
                0x08001070       0x48 .pio/build/genericSTM32F405RG/USBDevice/src/cdc/usbd_cdc.c.o
 .text.USBD_CDC_GetHSCfgDesc
                0x080010b8       0x48 .pio/build/genericSTM32F405RG/USBDevice/src/cdc/usbd_cdc.c.o
 .text.USBD_CDC_DataOut
                0x08001100       0x38 .pio/build/genericSTM32F405RG/USBDevice/src/cdc/usbd_cdc.c.o
 .text.USBD_CDC_DataIn
                0x08001138       0x64 .pio/build/genericSTM32F405RG/USBDevice/src/cdc/usbd_cdc.c.o
 .text.USBD_CDC_Setup
                0x0800119c       0xf0 .pio/build/genericSTM32F405RG/USBDevice/src/cdc/usbd_cdc.c.o
 .text.USBD_CDC_DeInit
                0x0800128c       0x4e .pio/build/genericSTM32F405RG/USBDevice/src/cdc/usbd_cdc.c.o
 *fill*         0x080012da        0x2 
 .text.USBD_CDC_Init
                0x080012dc       0xbc .pio/build/genericSTM32F405RG/USBDevice/src/cdc/usbd_cdc.c.o
 .text.USBD_CDC_RegisterInterface
                0x08001398       0x16 .pio/build/genericSTM32F405RG/USBDevice/src/cdc/usbd_cdc.c.o
                0x08001398                USBD_CDC_RegisterInterface
 .text.USBD_CDC_SetTxBuffer
                0x080013ae       0x1c .pio/build/genericSTM32F405RG/USBDevice/src/cdc/usbd_cdc.c.o
                0x080013ae                USBD_CDC_SetTxBuffer
 .text.USBD_CDC_SetRxBuffer
                0x080013ca       0x18 .pio/build/genericSTM32F405RG/USBDevice/src/cdc/usbd_cdc.c.o
                0x080013ca                USBD_CDC_SetRxBuffer
 .text.USBD_CDC_TransmitPacket
                0x080013e2       0x36 .pio/build/genericSTM32F405RG/USBDevice/src/cdc/usbd_cdc.c.o
                0x080013e2                USBD_CDC_TransmitPacket
 .text.USBD_CDC_ReceivePacket
                0x08001418       0x2c .pio/build/genericSTM32F405RG/USBDevice/src/cdc/usbd_cdc.c.o
                0x08001418                USBD_CDC_ReceivePacket
 .text.USBD_CDC_ClearBuffer
                0x08001444       0x20 .pio/build/genericSTM32F405RG/USBDevice/src/cdc/usbd_cdc.c.o
                0x08001444                USBD_CDC_ClearBuffer
 .text.USBD_CDC_DeInit
                0x08001464        0x4 .pio/build/genericSTM32F405RG/USBDevice/src/cdc/usbd_cdc_if.c.o
 .text.USBD_CDC_Control
                0x08001468       0x84 .pio/build/genericSTM32F405RG/USBDevice/src/cdc/usbd_cdc_if.c.o
 .text.USBD_CDC_Init
                0x080014ec       0x38 .pio/build/genericSTM32F405RG/USBDevice/src/cdc/usbd_cdc_if.c.o
 .text.CDC_init
                0x08001524       0x48 .pio/build/genericSTM32F405RG/USBDevice/src/cdc/usbd_cdc_if.c.o
                0x08001524                CDC_init
 .text.CDC_connected
                0x0800156c       0x40 .pio/build/genericSTM32F405RG/USBDevice/src/cdc/usbd_cdc_if.c.o
                0x0800156c                CDC_connected
 .text.CDC_continue_transmit
                0x080015ac       0x4c .pio/build/genericSTM32F405RG/USBDevice/src/cdc/usbd_cdc_if.c.o
                0x080015ac                CDC_continue_transmit
 .text.USBD_CDC_TransmitCplt
                0x080015f8       0x20 .pio/build/genericSTM32F405RG/USBDevice/src/cdc/usbd_cdc_if.c.o
 .text.CDC_resume_receive
                0x08001618       0x38 .pio/build/genericSTM32F405RG/USBDevice/src/cdc/usbd_cdc_if.c.o
                0x08001618                CDC_resume_receive
 .text.USBD_CDC_Receive
                0x08001650       0x2c .pio/build/genericSTM32F405RG/USBDevice/src/cdc/usbd_cdc_if.c.o
 .text.USBD_Init
                0x0800167c       0x26 .pio/build/genericSTM32F405RG/USBDevice/src/usb_device_core.c.o
                0x0800167c                USBD_Init
 .text.USBD_RegisterClass
                0x080016a2       0x32 .pio/build/genericSTM32F405RG/USBDevice/src/usb_device_core.c.o
                0x080016a2                USBD_RegisterClass
 .text.USBD_Start
                0x080016d4        0x4 .pio/build/genericSTM32F405RG/USBDevice/src/usb_device_core.c.o
                0x080016d4                USBD_Start
 .text.USBD_SetClassConfig
                0x080016d8        0xe .pio/build/genericSTM32F405RG/USBDevice/src/usb_device_core.c.o
                0x080016d8                USBD_SetClassConfig
 .text.USBD_ClrClassConfig
                0x080016e6       0x12 .pio/build/genericSTM32F405RG/USBDevice/src/usb_device_core.c.o
                0x080016e6                USBD_ClrClassConfig
 .text.USBD_LL_SetupStage
                0x080016f8       0x60 .pio/build/genericSTM32F405RG/USBDevice/src/usb_device_core.c.o
                0x080016f8                USBD_LL_SetupStage
 .text.USBD_LL_DataOutStage
                0x08001758       0x6a .pio/build/genericSTM32F405RG/USBDevice/src/usb_device_core.c.o
                0x08001758                USBD_LL_DataOutStage
 .text.USBD_LL_DataInStage
                0x080017c2       0xa6 .pio/build/genericSTM32F405RG/USBDevice/src/usb_device_core.c.o
                0x080017c2                USBD_LL_DataInStage
 .text.USBD_LL_Reset
                0x08001868       0x5e .pio/build/genericSTM32F405RG/USBDevice/src/usb_device_core.c.o
                0x08001868                USBD_LL_Reset
 .text.USBD_LL_SetSpeed
                0x080018c6        0x6 .pio/build/genericSTM32F405RG/USBDevice/src/usb_device_core.c.o
                0x080018c6                USBD_LL_SetSpeed
 .text.USBD_LL_Suspend
                0x080018cc       0x1c .pio/build/genericSTM32F405RG/USBDevice/src/usb_device_core.c.o
                0x080018cc                USBD_LL_Suspend
 .text.USBD_LL_Resume
                0x080018e8       0x16 .pio/build/genericSTM32F405RG/USBDevice/src/usb_device_core.c.o
                0x080018e8                USBD_LL_Resume
 .text.USBD_LL_SOF
                0x080018fe       0x1a .pio/build/genericSTM32F405RG/USBDevice/src/usb_device_core.c.o
                0x080018fe                USBD_LL_SOF
 .text.USBD_LL_IsoINIncomplete
                0x08001918       0x26 .pio/build/genericSTM32F405RG/USBDevice/src/usb_device_core.c.o
                0x08001918                USBD_LL_IsoINIncomplete
 .text.USBD_LL_IsoOUTIncomplete
                0x0800193e       0x26 .pio/build/genericSTM32F405RG/USBDevice/src/usb_device_core.c.o
                0x0800193e                USBD_LL_IsoOUTIncomplete
 .text.USBD_LL_DevConnected
                0x08001964        0x4 .pio/build/genericSTM32F405RG/USBDevice/src/usb_device_core.c.o
                0x08001964                USBD_LL_DevConnected
 .text.USBD_LL_DevDisconnected
                0x08001968       0x20 .pio/build/genericSTM32F405RG/USBDevice/src/usb_device_core.c.o
                0x08001968                USBD_LL_DevDisconnected
 .text.USBD_CoreFindIF
                0x08001988        0x4 .pio/build/genericSTM32F405RG/USBDevice/src/usb_device_core.c.o
                0x08001988                USBD_CoreFindIF
 .text.USBD_CoreFindEP
                0x0800198c        0x4 .pio/build/genericSTM32F405RG/USBDevice/src/usb_device_core.c.o
                0x0800198c                USBD_CoreFindEP
 .text.USBD_GetEpDesc
                0x08001990       0x24 .pio/build/genericSTM32F405RG/USBDevice/src/usb_device_core.c.o
                0x08001990                USBD_GetEpDesc
 .text.USBD_CtlError.constprop.0
                0x080019b4       0x16 .pio/build/genericSTM32F405RG/USBDevice/src/usb_device_ctlreq.c.o
 *fill*         0x080019ca        0x2 
 .text.USBD_StdDevReq
                0x080019cc      0x288 .pio/build/genericSTM32F405RG/USBDevice/src/usb_device_ctlreq.c.o
                0x080019cc                USBD_StdDevReq
 .text.USBD_StdItfReq
                0x08001c54       0x5a .pio/build/genericSTM32F405RG/USBDevice/src/usb_device_ctlreq.c.o
                0x08001c54                USBD_StdItfReq
 .text.USBD_StdEPReq
                0x08001cae      0x13a .pio/build/genericSTM32F405RG/USBDevice/src/usb_device_ctlreq.c.o
                0x08001cae                USBD_StdEPReq
 .text.USBD_ParseSetupRequest
                0x08001de8       0x16 .pio/build/genericSTM32F405RG/USBDevice/src/usb_device_ctlreq.c.o
                0x08001de8                USBD_ParseSetupRequest
 .text.USBD_CtlError
                0x08001dfe       0x16 .pio/build/genericSTM32F405RG/USBDevice/src/usb_device_ctlreq.c.o
                0x08001dfe                USBD_CtlError
 .text.USBD_GetString
                0x08001e14       0x42 .pio/build/genericSTM32F405RG/USBDevice/src/usb_device_ctlreq.c.o
                0x08001e14                USBD_GetString
 .text.USBD_CtlSendData
                0x08001e56       0x1a .pio/build/genericSTM32F405RG/USBDevice/src/usb_device_ioreq.c.o
                0x08001e56                USBD_CtlSendData
 .text.USBD_CtlContinueSendData
                0x08001e70       0x10 .pio/build/genericSTM32F405RG/USBDevice/src/usb_device_ioreq.c.o
                0x08001e70                USBD_CtlContinueSendData
 .text.USBD_CtlPrepareRx
                0x08001e80       0x1a .pio/build/genericSTM32F405RG/USBDevice/src/usb_device_ioreq.c.o
                0x08001e80                USBD_CtlPrepareRx
 .text.USBD_CtlContinueRx
                0x08001e9a       0x10 .pio/build/genericSTM32F405RG/USBDevice/src/usb_device_ioreq.c.o
                0x08001e9a                USBD_CtlContinueRx
 .text.USBD_CtlSendStatus
                0x08001eaa       0x16 .pio/build/genericSTM32F405RG/USBDevice/src/usb_device_ioreq.c.o
                0x08001eaa                USBD_CtlSendStatus
 .text.USBD_CtlReceiveStatus
                0x08001ec0       0x16 .pio/build/genericSTM32F405RG/USBDevice/src/usb_device_ioreq.c.o
                0x08001ec0                USBD_CtlReceiveStatus
 *fill*         0x08001ed6        0x2 
 .text.HAL_PCD_MspInit
                0x08001ed8      0x12c .pio/build/genericSTM32F405RG/USBDevice/src/usbd_conf.c.o
                0x08001ed8                HAL_PCD_MspInit
 .text.HAL_PCD_SetupStageCallback
                0x08002004        0xc .pio/build/genericSTM32F405RG/USBDevice/src/usbd_conf.c.o
                0x08002004                HAL_PCD_SetupStageCallback
 .text.HAL_PCD_DataOutStageCallback
                0x08002010       0x12 .pio/build/genericSTM32F405RG/USBDevice/src/usbd_conf.c.o
                0x08002010                HAL_PCD_DataOutStageCallback
 .text.HAL_PCD_DataInStageCallback
                0x08002022       0x10 .pio/build/genericSTM32F405RG/USBDevice/src/usbd_conf.c.o
                0x08002022                HAL_PCD_DataInStageCallback
 .text.HAL_PCD_SOFCallback
                0x08002032        0x8 .pio/build/genericSTM32F405RG/USBDevice/src/usbd_conf.c.o
                0x08002032                HAL_PCD_SOFCallback
 .text.HAL_PCD_ResetCallback
                0x0800203a       0x22 .pio/build/genericSTM32F405RG/USBDevice/src/usbd_conf.c.o
                0x0800203a                HAL_PCD_ResetCallback
 .text.HAL_PCD_SuspendCallback
                0x0800205c       0x30 .pio/build/genericSTM32F405RG/USBDevice/src/usbd_conf.c.o
                0x0800205c                HAL_PCD_SuspendCallback
 .text.HAL_PCD_ResumeCallback
                0x0800208c       0x34 .pio/build/genericSTM32F405RG/USBDevice/src/usbd_conf.c.o
                0x0800208c                HAL_PCD_ResumeCallback
 .text.HAL_PCD_ISOOUTIncompleteCallback
                0x080020c0        0x8 .pio/build/genericSTM32F405RG/USBDevice/src/usbd_conf.c.o
                0x080020c0                HAL_PCD_ISOOUTIncompleteCallback
 .text.HAL_PCD_ISOINIncompleteCallback
                0x080020c8        0x8 .pio/build/genericSTM32F405RG/USBDevice/src/usbd_conf.c.o
                0x080020c8                HAL_PCD_ISOINIncompleteCallback
 .text.HAL_PCD_ConnectCallback
                0x080020d0        0x8 .pio/build/genericSTM32F405RG/USBDevice/src/usbd_conf.c.o
                0x080020d0                HAL_PCD_ConnectCallback
 .text.HAL_PCD_DisconnectCallback
                0x080020d8        0x8 .pio/build/genericSTM32F405RG/USBDevice/src/usbd_conf.c.o
                0x080020d8                HAL_PCD_DisconnectCallback
 .text.OTG_FS_IRQHandler
                0x080020e0        0xc .pio/build/genericSTM32F405RG/USBDevice/src/usbd_conf.c.o
                0x080020e0                OTG_FS_IRQHandler
 .text.OTG_FS_WKUP_IRQHandler
                0x080020ec       0x3c .pio/build/genericSTM32F405RG/USBDevice/src/usbd_conf.c.o
                0x080020ec                OTG_FS_WKUP_IRQHandler
 .text.USBD_LL_Init
                0x08002128       0x64 .pio/build/genericSTM32F405RG/USBDevice/src/usbd_conf.c.o
                0x08002128                USBD_LL_Init
 .text.USBD_LL_Start
                0x0800218c        0xe .pio/build/genericSTM32F405RG/USBDevice/src/usbd_conf.c.o
                0x0800218c                USBD_LL_Start
 .text.USBD_LL_OpenEP
                0x0800219a       0x14 .pio/build/genericSTM32F405RG/USBDevice/src/usbd_conf.c.o
                0x0800219a                USBD_LL_OpenEP
 .text.USBD_LL_CloseEP
                0x080021ae        0xe .pio/build/genericSTM32F405RG/USBDevice/src/usbd_conf.c.o
                0x080021ae                USBD_LL_CloseEP
 .text.USBD_LL_StallEP
                0x080021bc        0xe .pio/build/genericSTM32F405RG/USBDevice/src/usbd_conf.c.o
                0x080021bc                USBD_LL_StallEP
 .text.USBD_LL_ClearStallEP
                0x080021ca        0xe .pio/build/genericSTM32F405RG/USBDevice/src/usbd_conf.c.o
                0x080021ca                USBD_LL_ClearStallEP
 .text.USBD_LL_IsStallEP
                0x080021d8       0x24 .pio/build/genericSTM32F405RG/USBDevice/src/usbd_conf.c.o
                0x080021d8                USBD_LL_IsStallEP
 .text.USBD_LL_SetUSBAddress
                0x080021fc        0xe .pio/build/genericSTM32F405RG/USBDevice/src/usbd_conf.c.o
                0x080021fc                USBD_LL_SetUSBAddress
 .text.USBD_LL_Transmit
                0x0800220a        0xe .pio/build/genericSTM32F405RG/USBDevice/src/usbd_conf.c.o
                0x0800220a                USBD_LL_Transmit
 .text.USBD_LL_PrepareReceive
                0x08002218        0xe .pio/build/genericSTM32F405RG/USBDevice/src/usbd_conf.c.o
                0x08002218                USBD_LL_PrepareReceive
 .text.USBD_LL_GetRxDataSize
                0x08002226        0x8 .pio/build/genericSTM32F405RG/USBDevice/src/usbd_conf.c.o
                0x08002226                USBD_LL_GetRxDataSize
 *fill*         0x0800222e        0x2 
 .text.USBD_Class_DeviceDescriptor
                0x08002230        0xc .pio/build/genericSTM32F405RG/USBDevice/src/usbd_desc.c.o
                0x08002230                USBD_Class_DeviceDescriptor
 .text.USBD_LangIDStrDescriptor
                0x0800223c        0xc .pio/build/genericSTM32F405RG/USBDevice/src/usbd_desc.c.o
                0x0800223c                USBD_LangIDStrDescriptor
 .text.USBD_Class_UserStrDescriptor
                0x08002248        0x8 .pio/build/genericSTM32F405RG/USBDevice/src/usbd_desc.c.o
                0x08002248                USBD_Class_UserStrDescriptor
 .text.IntToUnicode
                0x08002250       0x2a .pio/build/genericSTM32F405RG/USBDevice/src/usbd_desc.c.o
 *fill*         0x0800227a        0x2 
 .text.USBD_SerialStrDescriptor
                0x0800227c       0x3c .pio/build/genericSTM32F405RG/USBDevice/src/usbd_desc.c.o
                0x0800227c                USBD_SerialStrDescriptor
 .text.USBD_ManufacturerStrDescriptor
                0x080022b8       0x1c .pio/build/genericSTM32F405RG/USBDevice/src/usbd_desc.c.o
                0x080022b8                USBD_ManufacturerStrDescriptor
 .text.USBD_Class_ProductStrDescriptor
                0x080022d4       0x24 .pio/build/genericSTM32F405RG/USBDevice/src/usbd_desc.c.o
                0x080022d4                USBD_Class_ProductStrDescriptor
 .text.USBD_Class_ConfigStrDescriptor
                0x080022f8       0x1c .pio/build/genericSTM32F405RG/USBDevice/src/usbd_desc.c.o
                0x080022f8                USBD_Class_ConfigStrDescriptor
 .text.USBD_Class_InterfaceStrDescriptor
                0x08002314       0x1c .pio/build/genericSTM32F405RG/USBDevice/src/usbd_desc.c.o
                0x08002314                USBD_Class_InterfaceStrDescriptor
 .text.USBD_reenumerate
                0x08002330       0x1c .pio/build/genericSTM32F405RG/USBDevice/src/usbd_if.c.o
                0x08002330                USBD_reenumerate
 .text.USBD_CDC_init
                0x0800234c        0x4 .pio/build/genericSTM32F405RG/USBDevice/src/usbd_if.c.o
                0x0800234c                USBD_CDC_init
 .text.USBD_SystemClockConfigFromResume
                0x08002350        0xe .pio/build/genericSTM32F405RG/USBDevice/src/usbd_if.c.o
                0x08002350                USBD_SystemClockConfigFromResume
 .text.HAL_MspInit
                0x0800235e        0x2 .pio/build/genericSTM32F405RG/SrcWrapper/src/HAL/stm32yyxx_hal.c.o
                0x0800235e                HAL_MspInit
 .text.HAL_InitTick
                0x08002360       0x48 .pio/build/genericSTM32F405RG/SrcWrapper/src/HAL/stm32yyxx_hal.c.o
                0x08002360                HAL_InitTick
 .text.HAL_Init
                0x080023a8       0x34 .pio/build/genericSTM32F405RG/SrcWrapper/src/HAL/stm32yyxx_hal.c.o
                0x080023a8                HAL_Init
 .text.HAL_IncTick
                0x080023dc       0x18 .pio/build/genericSTM32F405RG/SrcWrapper/src/HAL/stm32yyxx_hal.c.o
                0x080023dc                HAL_IncTick
 .text.HAL_GetTick
                0x080023f4        0xc .pio/build/genericSTM32F405RG/SrcWrapper/src/HAL/stm32yyxx_hal.c.o
                0x080023f4                HAL_GetTick
 .text.HAL_Delay
                0x08002400       0x28 .pio/build/genericSTM32F405RG/SrcWrapper/src/HAL/stm32yyxx_hal.c.o
                0x08002400                HAL_Delay
 .text.HAL_ADC_Init
                0x08002428      0x14c .pio/build/genericSTM32F405RG/SrcWrapper/src/HAL/stm32yyxx_hal_adc.c.o
                0x08002428                HAL_ADC_Init
 .text.HAL_ADC_DeInit
                0x08002574       0x34 .pio/build/genericSTM32F405RG/SrcWrapper/src/HAL/stm32yyxx_hal_adc.c.o
                0x08002574                HAL_ADC_DeInit
 .text.HAL_ADC_Start
                0x080025a8       0xfc .pio/build/genericSTM32F405RG/SrcWrapper/src/HAL/stm32yyxx_hal_adc.c.o
                0x080025a8                HAL_ADC_Start
 .text.HAL_ADC_Stop
                0x080026a4       0x36 .pio/build/genericSTM32F405RG/SrcWrapper/src/HAL/stm32yyxx_hal_adc.c.o
                0x080026a4                HAL_ADC_Stop
 .text.HAL_ADC_PollForConversion
                0x080026da       0xa6 .pio/build/genericSTM32F405RG/SrcWrapper/src/HAL/stm32yyxx_hal_adc.c.o
                0x080026da                HAL_ADC_PollForConversion
 .text.HAL_ADC_GetValue
                0x08002780        0x6 .pio/build/genericSTM32F405RG/SrcWrapper/src/HAL/stm32yyxx_hal_adc.c.o
                0x08002780                HAL_ADC_GetValue
 .text.HAL_ADC_ConvCpltCallback
                0x08002786        0x2 .pio/build/genericSTM32F405RG/SrcWrapper/src/HAL/stm32yyxx_hal_adc.c.o
                0x08002786                HAL_ADC_ConvCpltCallback
 .text.HAL_ADC_LevelOutOfWindowCallback
                0x08002788        0x2 .pio/build/genericSTM32F405RG/SrcWrapper/src/HAL/stm32yyxx_hal_adc.c.o
                0x08002788                HAL_ADC_LevelOutOfWindowCallback
 .text.HAL_ADC_ErrorCallback
                0x0800278a        0x2 .pio/build/genericSTM32F405RG/SrcWrapper/src/HAL/stm32yyxx_hal_adc.c.o
                0x0800278a                HAL_ADC_ErrorCallback
 .text.HAL_ADC_IRQHandler
                0x0800278c      0x11c .pio/build/genericSTM32F405RG/SrcWrapper/src/HAL/stm32yyxx_hal_adc.c.o
                0x0800278c                HAL_ADC_IRQHandler
 .text.HAL_ADC_ConfigChannel
                0x080028a8      0x120 .pio/build/genericSTM32F405RG/SrcWrapper/src/HAL/stm32yyxx_hal_adc.c.o
                0x080028a8                HAL_ADC_ConfigChannel
 .text.HAL_ADC_GetState
                0x080029c8        0x4 .pio/build/genericSTM32F405RG/SrcWrapper/src/HAL/stm32yyxx_hal_adc.c.o
                0x080029c8                HAL_ADC_GetState
 .text.HAL_ADCEx_InjectedStart
                0x080029cc       0xc4 .pio/build/genericSTM32F405RG/SrcWrapper/src/HAL/stm32yyxx_hal_adc_ex.c.o
                0x080029cc                HAL_ADCEx_InjectedStart
 .text.HAL_ADCEx_InjectedStart_IT
                0x08002a90       0xcc .pio/build/genericSTM32F405RG/SrcWrapper/src/HAL/stm32yyxx_hal_adc_ex.c.o
                0x08002a90                HAL_ADCEx_InjectedStart_IT
 .text.HAL_ADCEx_InjectedGetValue
                0x08002b5c       0x32 .pio/build/genericSTM32F405RG/SrcWrapper/src/HAL/stm32yyxx_hal_adc_ex.c.o
                0x08002b5c                HAL_ADCEx_InjectedGetValue
 *fill*         0x08002b8e        0x2 
 .text.HAL_ADCEx_InjectedConfigChannel
                0x08002b90      0x190 .pio/build/genericSTM32F405RG/SrcWrapper/src/HAL/stm32yyxx_hal_adc_ex.c.o
                0x08002b90                HAL_ADCEx_InjectedConfigChannel
 .text.HAL_NVIC_SetPriorityGrouping
                0x08002d20       0x24 .pio/build/genericSTM32F405RG/SrcWrapper/src/HAL/stm32yyxx_hal_cortex.c.o
                0x08002d20                HAL_NVIC_SetPriorityGrouping
 .text.HAL_NVIC_SetPriority
                0x08002d44       0x64 .pio/build/genericSTM32F405RG/SrcWrapper/src/HAL/stm32yyxx_hal_cortex.c.o
                0x08002d44                HAL_NVIC_SetPriority
 .text.HAL_NVIC_EnableIRQ
                0x08002da8       0x1c .pio/build/genericSTM32F405RG/SrcWrapper/src/HAL/stm32yyxx_hal_cortex.c.o
                0x08002da8                HAL_NVIC_EnableIRQ
 .text.HAL_NVIC_DisableIRQ
                0x08002dc4       0x24 .pio/build/genericSTM32F405RG/SrcWrapper/src/HAL/stm32yyxx_hal_cortex.c.o
                0x08002dc4                HAL_NVIC_DisableIRQ
 .text.HAL_SYSTICK_Config
                0x08002de8       0x28 .pio/build/genericSTM32F405RG/SrcWrapper/src/HAL/stm32yyxx_hal_cortex.c.o
                0x08002de8                HAL_SYSTICK_Config
 .text.HAL_NVIC_ClearPendingIRQ
                0x08002e10       0x1c .pio/build/genericSTM32F405RG/SrcWrapper/src/HAL/stm32yyxx_hal_cortex.c.o
                0x08002e10                HAL_NVIC_ClearPendingIRQ
 .text.HAL_SYSTICK_Callback
                0x08002e2c        0x2 .pio/build/genericSTM32F405RG/SrcWrapper/src/HAL/stm32yyxx_hal_cortex.c.o
                0x08002e2c                HAL_SYSTICK_Callback
 .text.HAL_SYSTICK_IRQHandler
                0x08002e2e        0x8 .pio/build/genericSTM32F405RG/SrcWrapper/src/HAL/stm32yyxx_hal_cortex.c.o
                0x08002e2e                HAL_SYSTICK_IRQHandler
 .text.HAL_CRC_MspInit
                0x08002e36        0x2 .pio/build/genericSTM32F405RG/SrcWrapper/src/HAL/stm32yyxx_hal_crc.c.o
                0x08002e36                HAL_CRC_MspInit
 .text.HAL_CRC_Init
                0x08002e38       0x20 .pio/build/genericSTM32F405RG/SrcWrapper/src/HAL/stm32yyxx_hal_crc.c.o
                0x08002e38                HAL_CRC_Init
 .text.HAL_DAC_DeInit
                0x08002e58       0x1c .pio/build/genericSTM32F405RG/SrcWrapper/src/HAL/stm32yyxx_hal_dac.c.o
                0x08002e58                HAL_DAC_DeInit
 .text.HAL_DAC_Stop
                0x08002e74       0x22 .pio/build/genericSTM32F405RG/SrcWrapper/src/HAL/stm32yyxx_hal_dac.c.o
                0x08002e74                HAL_DAC_Stop
 .text.HAL_DMA_Abort
                0x08002e96       0x7c .pio/build/genericSTM32F405RG/SrcWrapper/src/HAL/stm32yyxx_hal_dma.c.o
                0x08002e96                HAL_DMA_Abort
 .text.HAL_DMA_Abort_IT
                0x08002f12       0x24 .pio/build/genericSTM32F405RG/SrcWrapper/src/HAL/stm32yyxx_hal_dma.c.o
                0x08002f12                HAL_DMA_Abort_IT
 .text.HAL_DMA_GetState
                0x08002f36        0x6 .pio/build/genericSTM32F405RG/SrcWrapper/src/HAL/stm32yyxx_hal_dma.c.o
                0x08002f36                HAL_DMA_GetState
 .text.HAL_GPIO_Init
                0x08002f3c      0x1c8 .pio/build/genericSTM32F405RG/SrcWrapper/src/HAL/stm32yyxx_hal_gpio.c.o
                0x08002f3c                HAL_GPIO_Init
 .text.HAL_GPIO_EXTI_IRQHandler
                0x08003104       0x18 .pio/build/genericSTM32F405RG/SrcWrapper/src/HAL/stm32yyxx_hal_gpio.c.o
                0x08003104                HAL_GPIO_EXTI_IRQHandler
 .text.HAL_I2C_MspDeInit
                0x0800311c        0x2 .pio/build/genericSTM32F405RG/SrcWrapper/src/HAL/stm32yyxx_hal_i2c.c.o
                0x0800311c                HAL_I2C_MspDeInit
 .text.HAL_I2C_DeInit
                0x0800311e       0x32 .pio/build/genericSTM32F405RG/SrcWrapper/src/HAL/stm32yyxx_hal_i2c.c.o
                0x0800311e                HAL_I2C_DeInit
 .text.HAL_I2C_Slave_Seq_Transmit_IT
                0x08003150       0x76 .pio/build/genericSTM32F405RG/SrcWrapper/src/HAL/stm32yyxx_hal_i2c.c.o
                0x08003150                HAL_I2C_Slave_Seq_Transmit_IT
 .text.HAL_I2C_Slave_Seq_Receive_IT
                0x080031c6       0x76 .pio/build/genericSTM32F405RG/SrcWrapper/src/HAL/stm32yyxx_hal_i2c.c.o
                0x080031c6                HAL_I2C_Slave_Seq_Receive_IT
 .text.HAL_I2C_EnableListen_IT
                0x0800323c       0x36 .pio/build/genericSTM32F405RG/SrcWrapper/src/HAL/stm32yyxx_hal_i2c.c.o
                0x0800323c                HAL_I2C_EnableListen_IT
 .text.HAL_I2C_MasterTxCpltCallback
                0x08003272        0x2 .pio/build/genericSTM32F405RG/SrcWrapper/src/HAL/stm32yyxx_hal_i2c.c.o
                0x08003272                HAL_I2C_MasterTxCpltCallback
 .text.HAL_I2C_MasterRxCpltCallback
                0x08003274        0x2 .pio/build/genericSTM32F405RG/SrcWrapper/src/HAL/stm32yyxx_hal_i2c.c.o
                0x08003274                HAL_I2C_MasterRxCpltCallback
 .text.HAL_I2C_MemTxCpltCallback
                0x08003276        0x2 .pio/build/genericSTM32F405RG/SrcWrapper/src/HAL/stm32yyxx_hal_i2c.c.o
                0x08003276                HAL_I2C_MemTxCpltCallback
 .text.I2C_MemoryTransmit_TXE_BTF
                0x08003278       0xb6 .pio/build/genericSTM32F405RG/SrcWrapper/src/HAL/stm32yyxx_hal_i2c.c.o
 .text.HAL_I2C_MemRxCpltCallback
                0x0800332e        0x2 .pio/build/genericSTM32F405RG/SrcWrapper/src/HAL/stm32yyxx_hal_i2c.c.o
                0x0800332e                HAL_I2C_MemRxCpltCallback
 .text.HAL_I2C_AbortCpltCallback
                0x08003330        0x2 .pio/build/genericSTM32F405RG/SrcWrapper/src/HAL/stm32yyxx_hal_i2c.c.o
                0x08003330                HAL_I2C_AbortCpltCallback
 *fill*         0x08003332        0x2 
 .text.I2C_DMAAbort
                0x08003334       0xe4 .pio/build/genericSTM32F405RG/SrcWrapper/src/HAL/stm32yyxx_hal_i2c.c.o
 .text.I2C_ITError
                0x08003418      0x15c .pio/build/genericSTM32F405RG/SrcWrapper/src/HAL/stm32yyxx_hal_i2c.c.o
 .text.HAL_I2C_EV_IRQHandler
                0x08003574      0x8c8 .pio/build/genericSTM32F405RG/SrcWrapper/src/HAL/stm32yyxx_hal_i2c.c.o
                0x08003574                HAL_I2C_EV_IRQHandler
 .text.HAL_I2C_ER_IRQHandler
                0x08003e3c      0x158 .pio/build/genericSTM32F405RG/SrcWrapper/src/HAL/stm32yyxx_hal_i2c.c.o
                0x08003e3c                HAL_I2C_ER_IRQHandler
 .text.HAL_PCD_Init
                0x08003f94       0xde .pio/build/genericSTM32F405RG/SrcWrapper/src/HAL/stm32yyxx_hal_pcd.c.o
                0x08003f94                HAL_PCD_Init
 .text.HAL_PCD_Start
                0x08004072       0x3e .pio/build/genericSTM32F405RG/SrcWrapper/src/HAL/stm32yyxx_hal_pcd.c.o
                0x08004072                HAL_PCD_Start
 .text.HAL_PCD_SetAddress
                0x080040b0       0x26 .pio/build/genericSTM32F405RG/SrcWrapper/src/HAL/stm32yyxx_hal_pcd.c.o
                0x080040b0                HAL_PCD_SetAddress
 .text.HAL_PCD_EP_Open
                0x080040d6       0x72 .pio/build/genericSTM32F405RG/SrcWrapper/src/HAL/stm32yyxx_hal_pcd.c.o
                0x080040d6                HAL_PCD_EP_Open
 .text.HAL_PCD_EP_Close
                0x08004148       0x5c .pio/build/genericSTM32F405RG/SrcWrapper/src/HAL/stm32yyxx_hal_pcd.c.o
                0x08004148                HAL_PCD_EP_Close
 .text.HAL_PCD_EP_Receive
                0x080041a4       0x3c .pio/build/genericSTM32F405RG/SrcWrapper/src/HAL/stm32yyxx_hal_pcd.c.o
                0x080041a4                HAL_PCD_EP_Receive
 .text.HAL_PCD_EP_GetRxCount
                0x080041e0       0x10 .pio/build/genericSTM32F405RG/SrcWrapper/src/HAL/stm32yyxx_hal_pcd.c.o
                0x080041e0                HAL_PCD_EP_GetRxCount
 .text.HAL_PCD_EP_Transmit
                0x080041f0       0x36 .pio/build/genericSTM32F405RG/SrcWrapper/src/HAL/stm32yyxx_hal_pcd.c.o
                0x080041f0                HAL_PCD_EP_Transmit
 .text.HAL_PCD_EP_SetStall
                0x08004226       0x6e .pio/build/genericSTM32F405RG/SrcWrapper/src/HAL/stm32yyxx_hal_pcd.c.o
                0x08004226                HAL_PCD_EP_SetStall
 .text.HAL_PCD_EP_ClrStall
                0x08004294       0x6a .pio/build/genericSTM32F405RG/SrcWrapper/src/HAL/stm32yyxx_hal_pcd.c.o
                0x08004294                HAL_PCD_EP_ClrStall
 .text.HAL_PCD_EP_Abort
                0x080042fe       0x20 .pio/build/genericSTM32F405RG/SrcWrapper/src/HAL/stm32yyxx_hal_pcd.c.o
                0x080042fe                HAL_PCD_EP_Abort
 *fill*         0x0800431e        0x2 
 .text.HAL_PCD_IRQHandler
                0x08004320      0x68c .pio/build/genericSTM32F405RG/SrcWrapper/src/HAL/stm32yyxx_hal_pcd.c.o
                0x08004320                HAL_PCD_IRQHandler
 .text.HAL_PCDEx_SetTxFiFo
                0x080049ac       0x3e .pio/build/genericSTM32F405RG/SrcWrapper/src/HAL/stm32yyxx_hal_pcd_ex.c.o
                0x080049ac                HAL_PCDEx_SetTxFiFo
 .text.HAL_PCDEx_SetRxFiFo
                0x080049ea        0x8 .pio/build/genericSTM32F405RG/SrcWrapper/src/HAL/stm32yyxx_hal_pcd_ex.c.o
                0x080049ea                HAL_PCDEx_SetRxFiFo
 .text.HAL_PCDEx_LPM_Callback
                0x080049f2        0x2 .pio/build/genericSTM32F405RG/SrcWrapper/src/HAL/stm32yyxx_hal_pcd_ex.c.o
                0x080049f2                HAL_PCDEx_LPM_Callback
 .text.HAL_RCC_OscConfig
                0x080049f4      0x35c .pio/build/genericSTM32F405RG/SrcWrapper/src/HAL/stm32yyxx_hal_rcc.c.o
                0x080049f4                HAL_RCC_OscConfig
 .text.HAL_RCC_GetSysClockFreq
                0x08004d50       0x5c .pio/build/genericSTM32F405RG/SrcWrapper/src/HAL/stm32yyxx_hal_rcc.c.o
                0x08004d50                HAL_RCC_GetSysClockFreq
 .text.HAL_RCC_ClockConfig
                0x08004dac      0x134 .pio/build/genericSTM32F405RG/SrcWrapper/src/HAL/stm32yyxx_hal_rcc.c.o
                0x08004dac                HAL_RCC_ClockConfig
 .text.HAL_RCC_GetHCLKFreq
                0x08004ee0        0xc .pio/build/genericSTM32F405RG/SrcWrapper/src/HAL/stm32yyxx_hal_rcc.c.o
                0x08004ee0                HAL_RCC_GetHCLKFreq
 .text.HAL_RCC_GetPCLK1Freq
                0x08004eec       0x20 .pio/build/genericSTM32F405RG/SrcWrapper/src/HAL/stm32yyxx_hal_rcc.c.o
                0x08004eec                HAL_RCC_GetPCLK1Freq
 .text.HAL_RCC_GetPCLK2Freq
                0x08004f0c       0x20 .pio/build/genericSTM32F405RG/SrcWrapper/src/HAL/stm32yyxx_hal_rcc.c.o
                0x08004f0c                HAL_RCC_GetPCLK2Freq
 .text.HAL_RCC_GetClockConfig
                0x08004f2c       0x3c .pio/build/genericSTM32F405RG/SrcWrapper/src/HAL/stm32yyxx_hal_rcc.c.o
                0x08004f2c                HAL_RCC_GetClockConfig
 .text.TIM_OC1_SetConfig
                0x08004f68       0x58 .pio/build/genericSTM32F405RG/SrcWrapper/src/HAL/stm32yyxx_hal_tim.c.o
 .text.TIM_OC3_SetConfig
                0x08004fc0       0x5c .pio/build/genericSTM32F405RG/SrcWrapper/src/HAL/stm32yyxx_hal_tim.c.o
 .text.TIM_OC4_SetConfig
                0x0800501c       0x4c .pio/build/genericSTM32F405RG/SrcWrapper/src/HAL/stm32yyxx_hal_tim.c.o
 .text.HAL_TIM_PWM_PulseFinishedCallback
                0x08005068        0x2 .pio/build/genericSTM32F405RG/SrcWrapper/src/HAL/stm32yyxx_hal_tim.c.o
                0x08005068                HAL_TIM_PWM_PulseFinishedCallback
 .text.HAL_TIM_TriggerCallback
                0x0800506a        0x2 .pio/build/genericSTM32F405RG/SrcWrapper/src/HAL/stm32yyxx_hal_tim.c.o
                0x0800506a                HAL_TIM_TriggerCallback
 .text.HAL_TIM_IRQHandler
                0x0800506c      0x128 .pio/build/genericSTM32F405RG/SrcWrapper/src/HAL/stm32yyxx_hal_tim.c.o
                0x0800506c                HAL_TIM_IRQHandler
 .text.TIM_Base_SetConfig
                0x08005194       0xac .pio/build/genericSTM32F405RG/SrcWrapper/src/HAL/stm32yyxx_hal_tim.c.o
                0x08005194                TIM_Base_SetConfig
 .text.HAL_TIM_Base_Init
                0x08005240       0x58 .pio/build/genericSTM32F405RG/SrcWrapper/src/HAL/stm32yyxx_hal_tim.c.o
                0x08005240                HAL_TIM_Base_Init
 .text.TIM_OC2_SetConfig
                0x08005298       0x60 .pio/build/genericSTM32F405RG/SrcWrapper/src/HAL/stm32yyxx_hal_tim.c.o
                0x08005298                TIM_OC2_SetConfig
 .text.HAL_TIM_PWM_ConfigChannel
                0x080052f8       0xb0 .pio/build/genericSTM32F405RG/SrcWrapper/src/HAL/stm32yyxx_hal_tim.c.o
                0x080052f8                HAL_TIM_PWM_ConfigChannel
 .text.HAL_TIMEx_CommutCallback
                0x080053a8        0x2 .pio/build/genericSTM32F405RG/SrcWrapper/src/HAL/stm32yyxx_hal_tim_ex.c.o
                0x080053a8                HAL_TIMEx_CommutCallback
 .text.HAL_TIMEx_BreakCallback
                0x080053aa        0x2 .pio/build/genericSTM32F405RG/SrcWrapper/src/HAL/stm32yyxx_hal_tim_ex.c.o
                0x080053aa                HAL_TIMEx_BreakCallback
 .text.UART_EndRxTransfer
                0x080053ac       0x5c .pio/build/genericSTM32F405RG/SrcWrapper/src/HAL/stm32yyxx_hal_uart.c.o
 .text.HAL_UART_Transmit_IT
                0x08005408       0x32 .pio/build/genericSTM32F405RG/SrcWrapper/src/HAL/stm32yyxx_hal_uart.c.o
                0x08005408                HAL_UART_Transmit_IT
 .text.UART_DMAAbortOnError
                0x0800543a        0xe .pio/build/genericSTM32F405RG/SrcWrapper/src/HAL/stm32yyxx_hal_uart.c.o
 .text.HAL_UARTEx_RxEventCallback
                0x08005448        0x2 .pio/build/genericSTM32F405RG/SrcWrapper/src/HAL/stm32yyxx_hal_uart.c.o
                0x08005448                HAL_UARTEx_RxEventCallback
 .text.UART_Receive_IT.isra.0
                0x0800544a       0xb6 .pio/build/genericSTM32F405RG/SrcWrapper/src/HAL/stm32yyxx_hal_uart.c.o
 .text.HAL_UART_IRQHandler
                0x08005500      0x2e8 .pio/build/genericSTM32F405RG/SrcWrapper/src/HAL/stm32yyxx_hal_uart.c.o
                0x08005500                HAL_UART_IRQHandler
 .text.HAL_HalfDuplex_EnableTransmitter
                0x080057e8       0x30 .pio/build/genericSTM32F405RG/SrcWrapper/src/HAL/stm32yyxx_hal_uart.c.o
                0x080057e8                HAL_HalfDuplex_EnableTransmitter
 .text.HAL_HalfDuplex_EnableReceiver
                0x08005818       0x30 .pio/build/genericSTM32F405RG/SrcWrapper/src/HAL/stm32yyxx_hal_uart.c.o
                0x08005818                HAL_HalfDuplex_EnableReceiver
 .text.HAL_UART_GetState
                0x08005848        0xc .pio/build/genericSTM32F405RG/SrcWrapper/src/HAL/stm32yyxx_hal_uart.c.o
                0x08005848                HAL_UART_GetState
 .text.UART_Start_Receive_IT
                0x08005854       0x32 .pio/build/genericSTM32F405RG/SrcWrapper/src/HAL/stm32yyxx_hal_uart.c.o
                0x08005854                UART_Start_Receive_IT
 .text.HAL_UART_Receive_IT
                0x08005886       0x22 .pio/build/genericSTM32F405RG/SrcWrapper/src/HAL/stm32yyxx_hal_uart.c.o
                0x08005886                HAL_UART_Receive_IT
 .text._ZNSt8functionIFvvEEaSEDn.isra.0
                0x080058a8       0x16 .pio/build/genericSTM32F405RG/SrcWrapper/src/HardwareTimer.cpp.o
 .text._ZNSt14_Function_baseD2Ev
                0x080058be       0x12 .pio/build/genericSTM32F405RG/SrcWrapper/src/HardwareTimer.cpp.o
                0x080058be                std::_Function_base::~_Function_base()
                0x080058be                std::_Function_base::~_Function_base()
 .text._Z15get_timer_indexP11TIM_TypeDef
                0x080058d0       0xbc .pio/build/genericSTM32F405RG/SrcWrapper/src/HardwareTimer.cpp.o
                0x080058d0                get_timer_index(TIM_TypeDef*)
 .text._ZN13HardwareTimerD2Ev
                0x0800598c       0x40 .pio/build/genericSTM32F405RG/SrcWrapper/src/HardwareTimer.cpp.o
                0x0800598c                HardwareTimer::~HardwareTimer()
                0x0800598c                HardwareTimer::~HardwareTimer()
 .text._ZN13HardwareTimer5setupEP11TIM_TypeDef
                0x080059cc       0x84 .pio/build/genericSTM32F405RG/SrcWrapper/src/HardwareTimer.cpp.o
                0x080059cc                HardwareTimer::setup(TIM_TypeDef*)
 .text.TIM1_UP_TIM10_IRQHandler
                0x08005a50       0x24 .pio/build/genericSTM32F405RG/SrcWrapper/src/HardwareTimer.cpp.o
                0x08005a50                TIM1_UP_TIM10_IRQHandler
 .text.TIM1_CC_IRQHandler
                0x08005a74       0x14 .pio/build/genericSTM32F405RG/SrcWrapper/src/HardwareTimer.cpp.o
                0x08005a74                TIM1_CC_IRQHandler
 .text.TIM2_IRQHandler
                0x08005a88       0x14 .pio/build/genericSTM32F405RG/SrcWrapper/src/HardwareTimer.cpp.o
                0x08005a88                TIM2_IRQHandler
 .text.TIM3_IRQHandler
                0x08005a9c       0x14 .pio/build/genericSTM32F405RG/SrcWrapper/src/HardwareTimer.cpp.o
                0x08005a9c                TIM3_IRQHandler
 .text.TIM4_IRQHandler
                0x08005ab0       0x14 .pio/build/genericSTM32F405RG/SrcWrapper/src/HardwareTimer.cpp.o
                0x08005ab0                TIM4_IRQHandler
 .text.TIM5_IRQHandler
                0x08005ac4       0x14 .pio/build/genericSTM32F405RG/SrcWrapper/src/HardwareTimer.cpp.o
                0x08005ac4                TIM5_IRQHandler
 .text.TIM6_DAC_IRQHandler
                0x08005ad8       0x14 .pio/build/genericSTM32F405RG/SrcWrapper/src/HardwareTimer.cpp.o
                0x08005ad8                TIM6_DAC_IRQHandler
 .text.TIM7_IRQHandler
                0x08005aec       0x14 .pio/build/genericSTM32F405RG/SrcWrapper/src/HardwareTimer.cpp.o
                0x08005aec                TIM7_IRQHandler
 .text.TIM8_UP_TIM13_IRQHandler
                0x08005b00       0x24 .pio/build/genericSTM32F405RG/SrcWrapper/src/HardwareTimer.cpp.o
                0x08005b00                TIM8_UP_TIM13_IRQHandler
 .text.TIM8_CC_IRQHandler
                0x08005b24       0x14 .pio/build/genericSTM32F405RG/SrcWrapper/src/HardwareTimer.cpp.o
                0x08005b24                TIM8_CC_IRQHandler
 .text.TIM1_BRK_TIM9_IRQHandler
                0x08005b38       0x14 .pio/build/genericSTM32F405RG/SrcWrapper/src/HardwareTimer.cpp.o
                0x08005b38                TIM1_BRK_TIM9_IRQHandler
 .text.TIM1_TRG_COM_TIM11_IRQHandler
                0x08005b4c       0x14 .pio/build/genericSTM32F405RG/SrcWrapper/src/HardwareTimer.cpp.o
                0x08005b4c                TIM1_TRG_COM_TIM11_IRQHandler
 .text.TIM8_BRK_TIM12_IRQHandler
                0x08005b60       0x14 .pio/build/genericSTM32F405RG/SrcWrapper/src/HardwareTimer.cpp.o
                0x08005b60                TIM8_BRK_TIM12_IRQHandler
 .text.TIM8_TRG_COM_TIM14_IRQHandler
                0x08005b74       0x14 .pio/build/genericSTM32F405RG/SrcWrapper/src/HardwareTimer.cpp.o
                0x08005b74                TIM8_TRG_COM_TIM14_IRQHandler
 .text._ZNSt8functionIFvvEEC2Ev
                0x08005b88        0xc .pio/build/genericSTM32F405RG/SrcWrapper/src/HardwareTimer.cpp.o
                0x08005b88                std::function<void ()>::function()
                0x08005b88                std::function<void ()>::function()
 .text._ZN13HardwareTimerC2EP11TIM_TypeDef
                0x08005b94       0x2a .pio/build/genericSTM32F405RG/SrcWrapper/src/HardwareTimer.cpp.o
                0x08005b94                HardwareTimer::HardwareTimer(TIM_TypeDef*)
                0x08005b94                HardwareTimer::HardwareTimer(TIM_TypeDef*)
 .text._ZNSt8functionIFvvEEC2ERKS1_
                0x08005bbe       0x24 .pio/build/genericSTM32F405RG/SrcWrapper/src/HardwareTimer.cpp.o
                0x08005bbe                std::function<void ()>::function(std::function<void ()> const&)
                0x08005bbe                std::function<void ()>::function(std::function<void ()> const&)
 .text._ZNKSt8functionIFvvEEclEv
                0x08005be2       0x12 .pio/build/genericSTM32F405RG/SrcWrapper/src/HardwareTimer.cpp.o
                0x08005be2                std::function<void ()>::operator()() const
 .text._ZN13HardwareTimer14updateCallbackEP17TIM_HandleTypeDef
                0x08005bf4       0x18 .pio/build/genericSTM32F405RG/SrcWrapper/src/HardwareTimer.cpp.o
                0x08005bf4                HardwareTimer::updateCallback(TIM_HandleTypeDef*)
 .text.HAL_TIM_PeriodElapsedCallback
                0x08005c0c        0x4 .pio/build/genericSTM32F405RG/SrcWrapper/src/HardwareTimer.cpp.o
                0x08005c0c                HAL_TIM_PeriodElapsedCallback
 .text._ZN13HardwareTimer22captureCompareCallbackEP17TIM_HandleTypeDef
                0x08005c10       0x3e .pio/build/genericSTM32F405RG/SrcWrapper/src/HardwareTimer.cpp.o
                0x08005c10                HardwareTimer::captureCompareCallback(TIM_HandleTypeDef*)
 .text.HAL_TIM_OC_DelayElapsedCallback
                0x08005c4e        0x4 .pio/build/genericSTM32F405RG/SrcWrapper/src/HardwareTimer.cpp.o
                0x08005c4e                HAL_TIM_OC_DelayElapsedCallback
 .text.HAL_TIM_IC_CaptureCallback
                0x08005c52        0x4 .pio/build/genericSTM32F405RG/SrcWrapper/src/HardwareTimer.cpp.o
                0x08005c52                HAL_TIM_IC_CaptureCallback
 .text.USB_CoreReset
                0x08005c56       0x50 .pio/build/genericSTM32F405RG/SrcWrapper/src/LL/stm32yyxx_ll_usb.c.o
 .text.USB_CoreInit
                0x08005ca6       0x88 .pio/build/genericSTM32F405RG/SrcWrapper/src/LL/stm32yyxx_ll_usb.c.o
                0x08005ca6                USB_CoreInit
 *fill*         0x08005d2e        0x2 
 .text.USB_SetTurnaroundTime
                0x08005d30       0xe0 .pio/build/genericSTM32F405RG/SrcWrapper/src/LL/stm32yyxx_ll_usb.c.o
                0x08005d30                USB_SetTurnaroundTime
 .text.USB_EnableGlobalInt
                0x08005e10        0xc .pio/build/genericSTM32F405RG/SrcWrapper/src/LL/stm32yyxx_ll_usb.c.o
                0x08005e10                USB_EnableGlobalInt
 .text.USB_DisableGlobalInt
                0x08005e1c        0xc .pio/build/genericSTM32F405RG/SrcWrapper/src/LL/stm32yyxx_ll_usb.c.o
                0x08005e1c                USB_DisableGlobalInt
 .text.USB_SetCurrentMode
                0x08005e28       0x60 .pio/build/genericSTM32F405RG/SrcWrapper/src/LL/stm32yyxx_ll_usb.c.o
                0x08005e28                USB_SetCurrentMode
 .text.USB_FlushTxFifo
                0x08005e88       0x46 .pio/build/genericSTM32F405RG/SrcWrapper/src/LL/stm32yyxx_ll_usb.c.o
                0x08005e88                USB_FlushTxFifo
 .text.USB_FlushRxFifo
                0x08005ece       0x42 .pio/build/genericSTM32F405RG/SrcWrapper/src/LL/stm32yyxx_ll_usb.c.o
                0x08005ece                USB_FlushRxFifo
 .text.USB_SetDevSpeed
                0x08005f10        0xe .pio/build/genericSTM32F405RG/SrcWrapper/src/LL/stm32yyxx_ll_usb.c.o
                0x08005f10                USB_SetDevSpeed
 *fill*         0x08005f1e        0x2 
 .text.USB_DevInit
                0x08005f20      0x188 .pio/build/genericSTM32F405RG/SrcWrapper/src/LL/stm32yyxx_ll_usb.c.o
                0x08005f20                USB_DevInit
 .text.USB_GetDevSpeed
                0x080060a8       0x16 .pio/build/genericSTM32F405RG/SrcWrapper/src/LL/stm32yyxx_ll_usb.c.o
                0x080060a8                USB_GetDevSpeed
 .text.USB_ActivateEndpoint
                0x080060be       0x7e .pio/build/genericSTM32F405RG/SrcWrapper/src/LL/stm32yyxx_ll_usb.c.o
                0x080060be                USB_ActivateEndpoint
 .text.USB_DeactivateEndpoint
                0x0800613c       0xac .pio/build/genericSTM32F405RG/SrcWrapper/src/LL/stm32yyxx_ll_usb.c.o
                0x0800613c                USB_DeactivateEndpoint
 .text.USB_EPStopXfer
                0x080061e8       0x84 .pio/build/genericSTM32F405RG/SrcWrapper/src/LL/stm32yyxx_ll_usb.c.o
                0x080061e8                USB_EPStopXfer
 .text.USB_WritePacket
                0x0800626c       0x26 .pio/build/genericSTM32F405RG/SrcWrapper/src/LL/stm32yyxx_ll_usb.c.o
                0x0800626c                USB_WritePacket
 *fill*         0x08006292        0x2 
 .text.USB_EPStartXfer
                0x08006294      0x204 .pio/build/genericSTM32F405RG/SrcWrapper/src/LL/stm32yyxx_ll_usb.c.o
                0x08006294                USB_EPStartXfer
 .text.USB_ReadPacket
                0x08006498       0x40 .pio/build/genericSTM32F405RG/SrcWrapper/src/LL/stm32yyxx_ll_usb.c.o
                0x08006498                USB_ReadPacket
 .text.USB_EPSetStall
                0x080064d8       0x56 .pio/build/genericSTM32F405RG/SrcWrapper/src/LL/stm32yyxx_ll_usb.c.o
                0x080064d8                USB_EPSetStall
 .text.USB_EPClearStall
                0x0800652e       0x52 .pio/build/genericSTM32F405RG/SrcWrapper/src/LL/stm32yyxx_ll_usb.c.o
                0x0800652e                USB_EPClearStall
 .text.USB_SetDevAddress
                0x08006580       0x20 .pio/build/genericSTM32F405RG/SrcWrapper/src/LL/stm32yyxx_ll_usb.c.o
                0x08006580                USB_SetDevAddress
 .text.USB_DevConnect
                0x080065a0       0x1c .pio/build/genericSTM32F405RG/SrcWrapper/src/LL/stm32yyxx_ll_usb.c.o
                0x080065a0                USB_DevConnect
 .text.USB_DevDisconnect
                0x080065bc       0x1c .pio/build/genericSTM32F405RG/SrcWrapper/src/LL/stm32yyxx_ll_usb.c.o
                0x080065bc                USB_DevDisconnect
 .text.USB_ReadInterrupts
                0x080065d8        0x8 .pio/build/genericSTM32F405RG/SrcWrapper/src/LL/stm32yyxx_ll_usb.c.o
                0x080065d8                USB_ReadInterrupts
 .text.USB_ReadDevAllOutEpInterrupt
                0x080065e0       0x10 .pio/build/genericSTM32F405RG/SrcWrapper/src/LL/stm32yyxx_ll_usb.c.o
                0x080065e0                USB_ReadDevAllOutEpInterrupt
 .text.USB_ReadDevAllInEpInterrupt
                0x080065f0       0x10 .pio/build/genericSTM32F405RG/SrcWrapper/src/LL/stm32yyxx_ll_usb.c.o
                0x080065f0                USB_ReadDevAllInEpInterrupt
 .text.USB_ReadDevOutEPInterrupt
                0x08006600       0x12 .pio/build/genericSTM32F405RG/SrcWrapper/src/LL/stm32yyxx_ll_usb.c.o
                0x08006600                USB_ReadDevOutEPInterrupt
 .text.USB_ReadDevInEPInterrupt
                0x08006612       0x22 .pio/build/genericSTM32F405RG/SrcWrapper/src/LL/stm32yyxx_ll_usb.c.o
                0x08006612                USB_ReadDevInEPInterrupt
 .text.USB_GetMode
                0x08006634        0x8 .pio/build/genericSTM32F405RG/SrcWrapper/src/LL/stm32yyxx_ll_usb.c.o
                0x08006634                USB_GetMode
 .text.USB_ActivateSetup
                0x0800663c       0x20 .pio/build/genericSTM32F405RG/SrcWrapper/src/LL/stm32yyxx_ll_usb.c.o
                0x0800663c                USB_ActivateSetup
 .text.USB_EP0_OutStart
                0x0800665c       0x4c .pio/build/genericSTM32F405RG/SrcWrapper/src/LL/stm32yyxx_ll_usb.c.o
                0x0800665c                USB_EP0_OutStart
 .text._Znwj    0x080066a8        0x4 .pio/build/genericSTM32F405RG/SrcWrapper/src/new.cpp.o
                0x080066a8                operator new(unsigned int)
 .text._ZdlPvj  0x080066ac        0x4 .pio/build/genericSTM32F405RG/SrcWrapper/src/new.cpp.o
                0x080066ac                operator delete(void*, unsigned int)
 .text.set_GPIO_Port_Clock
                0x080066b0      0x130 .pio/build/genericSTM32F405RG/SrcWrapper/src/stm32/PortNames.c.o
                0x080066b0                set_GPIO_Port_Clock
 .text.get_adc_channel
                0x080067e0       0x18 .pio/build/genericSTM32F405RG/SrcWrapper/src/stm32/analog.cpp.o
                0x080067e0                get_adc_channel
 .text.get_adc_internal_channel
                0x080067f8       0x14 .pio/build/genericSTM32F405RG/SrcWrapper/src/stm32/analog.cpp.o
                0x080067f8                get_adc_internal_channel
 .text.get_dac_channel
                0x0800680c       0x24 .pio/build/genericSTM32F405RG/SrcWrapper/src/stm32/analog.cpp.o
                0x0800680c                get_dac_channel
 .text.HAL_DAC_MspDeInit
                0x08006830       0x2c .pio/build/genericSTM32F405RG/SrcWrapper/src/stm32/analog.cpp.o
                0x08006830                HAL_DAC_MspDeInit
 .text.dac_stop
                0x0800685c       0x34 .pio/build/genericSTM32F405RG/SrcWrapper/src/stm32/analog.cpp.o
                0x0800685c                dac_stop
 .text.HAL_ADC_MspInit
                0x08006890       0x90 .pio/build/genericSTM32F405RG/SrcWrapper/src/stm32/analog.cpp.o
                0x08006890                HAL_ADC_MspInit
 .text.HAL_ADC_MspDeInit
                0x08006920       0x58 .pio/build/genericSTM32F405RG/SrcWrapper/src/stm32/analog.cpp.o
                0x08006920                HAL_ADC_MspDeInit
 .text.adc_read_value
                0x08006978      0x134 .pio/build/genericSTM32F405RG/SrcWrapper/src/stm32/analog.cpp.o
                0x08006978                adc_read_value
 .text.pwm_stop
                0x08006aac       0x5c .pio/build/genericSTM32F405RG/SrcWrapper/src/stm32/analog.cpp.o
                0x08006aac                pwm_stop
 .text.getCurrentMicros
                0x08006b08       0x48 .pio/build/genericSTM32F405RG/SrcWrapper/src/stm32/clock.c.o
                0x08006b08                getCurrentMicros
 .text.getCurrentMillis
                0x08006b50        0x4 .pio/build/genericSTM32F405RG/SrcWrapper/src/stm32/clock.c.o
                0x08006b50                getCurrentMillis
 .text.noOsSystickHandler
                0x08006b54        0x2 .pio/build/genericSTM32F405RG/SrcWrapper/src/stm32/clock.c.o
                0x08006b54                osSystickHandler
                0x08006b54                noOsSystickHandler
 .text.SysTick_Handler
                0x08006b56       0x10 .pio/build/genericSTM32F405RG/SrcWrapper/src/stm32/clock.c.o
                0x08006b56                SysTick_Handler
 .text.configHSECapacitorTuning
                0x08006b66        0x2 .pio/build/genericSTM32F405RG/SrcWrapper/src/stm32/clock.c.o
                0x08006b66                configHSECapacitorTuning
 .text.configIPClock
                0x08006b68       0x4c .pio/build/genericSTM32F405RG/SrcWrapper/src/stm32/clock.c.o
                0x08006b68                configIPClock
 .text.dwt_init
                0x08006bb4       0x3c .pio/build/genericSTM32F405RG/SrcWrapper/src/stm32/dwt.c.o
                0x08006bb4                dwt_init
 .text.hw_config_init
                0x08006bf0       0x28 .pio/build/genericSTM32F405RG/SrcWrapper/src/stm32/hw_config.c.o
                0x08006bf0                hw_config_init
 .text._ZNSt17_Function_handlerIFvvEPS0_E10_M_managerERSt9_Any_dataRKS3_St18_Manager_operation
                0x08006c18       0x20 .pio/build/genericSTM32F405RG/SrcWrapper/src/stm32/interrupt.cpp.o
                0x08006c18                std::_Function_handler<void (), void (*)()>::_M_manager(std::_Any_data&, std::_Any_data const&, std::_Manager_operation)
 .text._ZNSt17_Function_handlerIFvvEPS0_E9_M_invokeERKSt9_Any_data
                0x08006c38        0x4 .pio/build/genericSTM32F405RG/SrcWrapper/src/stm32/interrupt.cpp.o
                0x08006c38                std::_Function_handler<void (), void (*)()>::_M_invoke(std::_Any_data const&)
 .text.startup._ZNSt8functionIFvvEEC2EDn.constprop.0.isra.0
                0x08006c3c        0xc .pio/build/genericSTM32F405RG/SrcWrapper/src/stm32/interrupt.cpp.o
 .text.HAL_GPIO_EXTI_Callback
                0x08006c48       0x2c .pio/build/genericSTM32F405RG/SrcWrapper/src/stm32/interrupt.cpp.o
                0x08006c48                HAL_GPIO_EXTI_Callback
 .text.EXTI0_IRQHandler
                0x08006c74        0x6 .pio/build/genericSTM32F405RG/SrcWrapper/src/stm32/interrupt.cpp.o
                0x08006c74                EXTI0_IRQHandler
 .text.EXTI1_IRQHandler
                0x08006c7a        0x6 .pio/build/genericSTM32F405RG/SrcWrapper/src/stm32/interrupt.cpp.o
                0x08006c7a                EXTI1_IRQHandler
 .text.EXTI2_IRQHandler
                0x08006c80        0x6 .pio/build/genericSTM32F405RG/SrcWrapper/src/stm32/interrupt.cpp.o
                0x08006c80                EXTI2_IRQHandler
 .text.EXTI3_IRQHandler
                0x08006c86        0x6 .pio/build/genericSTM32F405RG/SrcWrapper/src/stm32/interrupt.cpp.o
                0x08006c86                EXTI3_IRQHandler
 .text.EXTI4_IRQHandler
                0x08006c8c        0x6 .pio/build/genericSTM32F405RG/SrcWrapper/src/stm32/interrupt.cpp.o
                0x08006c8c                EXTI4_IRQHandler
 .text.EXTI9_5_IRQHandler
                0x08006c92       0x16 .pio/build/genericSTM32F405RG/SrcWrapper/src/stm32/interrupt.cpp.o
                0x08006c92                EXTI9_5_IRQHandler
 .text.EXTI15_10_IRQHandler
                0x08006ca8       0x18 .pio/build/genericSTM32F405RG/SrcWrapper/src/stm32/interrupt.cpp.o
                0x08006ca8                EXTI15_10_IRQHandler
 .text._Z22stm32_interrupt_enable7PinNameSt8functionIFvvEEm
                0x08006cc0       0xd8 .pio/build/genericSTM32F405RG/SrcWrapper/src/stm32/interrupt.cpp.o
                0x08006cc0                stm32_interrupt_enable(PinName, std::function<void ()>, unsigned long)
 .text.startup._GLOBAL__sub_I__Z22stm32_interrupt_enable7PinNameSt8functionIFvvEEm
                0x08006d98       0xd8 .pio/build/genericSTM32F405RG/SrcWrapper/src/stm32/interrupt.cpp.o
 .text.exit._GLOBAL__sub_D__Z22stm32_interrupt_enable7PinNameSt8functionIFvvEEm
                0x08006e70       0x1c .pio/build/genericSTM32F405RG/SrcWrapper/src/stm32/interrupt.cpp.o
 .text.LL_GPIO_SetPinPull
                0x08006e8c       0x2a .pio/build/genericSTM32F405RG/SrcWrapper/src/stm32/pinmap.c.o
 .text.pin_in_pinmap
                0x08006eb6       0x1e .pio/build/genericSTM32F405RG/SrcWrapper/src/stm32/pinmap.c.o
                0x08006eb6                pin_in_pinmap
 .text.pin_function
                0x08006ed4      0x11c .pio/build/genericSTM32F405RG/SrcWrapper/src/stm32/pinmap.c.o
                0x08006ed4                pin_function
 .text.pinmap_pinout
                0x08006ff0       0x1a .pio/build/genericSTM32F405RG/SrcWrapper/src/stm32/pinmap.c.o
                0x08006ff0                pinmap_pinout
 .text.pinmap_find_peripheral
                0x0800700a       0x16 .pio/build/genericSTM32F405RG/SrcWrapper/src/stm32/pinmap.c.o
                0x0800700a                pinmap_find_peripheral
 .text.pinmap_peripheral
                0x08007020        0xc .pio/build/genericSTM32F405RG/SrcWrapper/src/stm32/pinmap.c.o
                0x08007020                pinmap_peripheral
 .text.pinmap_find_pin
                0x0800702c       0x16 .pio/build/genericSTM32F405RG/SrcWrapper/src/stm32/pinmap.c.o
                0x0800702c                pinmap_find_pin
 .text.pinmap_pin
                0x08007042        0xc .pio/build/genericSTM32F405RG/SrcWrapper/src/stm32/pinmap.c.o
                0x08007042                pinmap_pin
 .text.pinmap_find_function
                0x0800704e       0x16 .pio/build/genericSTM32F405RG/SrcWrapper/src/stm32/pinmap.c.o
                0x0800704e                pinmap_find_function
 .text.pinmap_function
                0x08007064        0xa .pio/build/genericSTM32F405RG/SrcWrapper/src/stm32/pinmap.c.o
                0x08007064                pinmap_function
 *fill*         0x0800706e        0x2 
 .text.SystemInit
                0x08007070       0x50 .pio/build/genericSTM32F405RG/SrcWrapper/src/stm32/system_stm32yyxx.c.o
                0x08007070                SystemInit
 .text.get_timer_obj
                0x080070c0        0x4 .pio/build/genericSTM32F405RG/SrcWrapper/src/stm32/timer.c.o
                0x080070c0                get_timer_obj
 .text.enableTimerClock
                0x080070c4      0x200 .pio/build/genericSTM32F405RG/SrcWrapper/src/stm32/timer.c.o
                0x080070c4                enableTimerClock
 .text.disableTimerClock
                0x080072c4      0x130 .pio/build/genericSTM32F405RG/SrcWrapper/src/stm32/timer.c.o
                0x080072c4                disableTimerClock
 .text.getTimerUpIrq
                0x080073f4       0xbc .pio/build/genericSTM32F405RG/SrcWrapper/src/stm32/timer.c.o
                0x080073f4                getTimerUpIrq
 .text.getTimerCCIrq
                0x080074b0       0xc4 .pio/build/genericSTM32F405RG/SrcWrapper/src/stm32/timer.c.o
                0x080074b0                getTimerCCIrq
 .text.HAL_TIM_Base_MspInit
                0x08007574       0x4e .pio/build/genericSTM32F405RG/SrcWrapper/src/stm32/timer.c.o
                0x08007574                HAL_TIM_Base_MspInit
 *fill*         0x080075c2        0x2 
 .text.getTimerClkSrc
                0x080075c4       0x9c .pio/build/genericSTM32F405RG/SrcWrapper/src/stm32/timer.c.o
                0x080075c4                getTimerClkSrc
 .text.serial_rx_active
                0x08007660       0x24 .pio/build/genericSTM32F405RG/SrcWrapper/src/stm32/uart.c.o
                0x08007660                serial_rx_active
 .text.serial_tx_active
                0x08007684       0x24 .pio/build/genericSTM32F405RG/SrcWrapper/src/stm32/uart.c.o
                0x08007684                serial_tx_active
 .text.uart_attach_tx_callback
                0x080076a8       0x40 .pio/build/genericSTM32F405RG/SrcWrapper/src/stm32/uart.c.o
                0x080076a8                uart_attach_tx_callback
 .text.uart_enable_tx
                0x080076e8       0x1c .pio/build/genericSTM32F405RG/SrcWrapper/src/stm32/uart.c.o
                0x080076e8                uart_enable_tx
 .text.uart_enable_rx
                0x08007704       0x1c .pio/build/genericSTM32F405RG/SrcWrapper/src/stm32/uart.c.o
                0x08007704                uart_enable_rx
 .text.HAL_UART_RxCpltCallback
                0x08007720        0x6 .pio/build/genericSTM32F405RG/SrcWrapper/src/stm32/uart.c.o
                0x08007720                HAL_UART_RxCpltCallback
 .text.HAL_UART_TxCpltCallback
                0x08007726        0x6 .pio/build/genericSTM32F405RG/SrcWrapper/src/stm32/uart.c.o
                0x08007726                HAL_UART_TxCpltCallback
 .text.HAL_UART_ErrorCallback
                0x0800772c       0x7c .pio/build/genericSTM32F405RG/SrcWrapper/src/stm32/uart.c.o
                0x0800772c                HAL_UART_ErrorCallback
 .text.USART1_IRQHandler
                0x080077a8       0x18 .pio/build/genericSTM32F405RG/SrcWrapper/src/stm32/uart.c.o
                0x080077a8                USART1_IRQHandler
 .text.USART2_IRQHandler
                0x080077c0       0x1c .pio/build/genericSTM32F405RG/SrcWrapper/src/stm32/uart.c.o
                0x080077c0                USART2_IRQHandler
 .text.USART3_IRQHandler
                0x080077dc       0x1c .pio/build/genericSTM32F405RG/SrcWrapper/src/stm32/uart.c.o
                0x080077dc                USART3_IRQHandler
 .text.UART4_IRQHandler
                0x080077f8       0x18 .pio/build/genericSTM32F405RG/SrcWrapper/src/stm32/uart.c.o
                0x080077f8                UART4_IRQHandler
 .text.UART5_IRQHandler
                0x08007810       0x18 .pio/build/genericSTM32F405RG/SrcWrapper/src/stm32/uart.c.o
                0x08007810                UART5_IRQHandler
 .text.USART6_IRQHandler
                0x08007828       0x18 .pio/build/genericSTM32F405RG/SrcWrapper/src/stm32/uart.c.o
                0x08007828                USART6_IRQHandler
 .text._sbrk    0x08007840       0x3c .pio/build/genericSTM32F405RG/SrcWrapper/src/syscalls.c.o
                0x08007840                _sbrk
 .text._exit    0x0800787c        0x2 .pio/build/genericSTM32F405RG/SrcWrapper/src/syscalls.c.o
                0x0800787c                _exit
 *fill*         0x0800787e        0x2 
 .text._kill    0x08007880       0x10 .pio/build/genericSTM32F405RG/SrcWrapper/src/syscalls.c.o
                0x08007880                _kill
 .text._getpid  0x08007890        0x4 .pio/build/genericSTM32F405RG/SrcWrapper/src/syscalls.c.o
                0x08007890                _getpid
 .text._ZN5Print17availableForWriteEv
                0x08007894        0x4 .pio/build/genericSTM32F405RG/lib5d2/Wire/Wire.cpp.o
                0x08007894                Print::availableForWrite()
 .text._ZN7TwoWire9availableEv
                0x08007898        0x8 .pio/build/genericSTM32F405RG/lib5d2/Wire/Wire.cpp.o
                0x08007898                TwoWire::available()
 .text._ZN7TwoWire4readEv
                0x080078a0       0x1a .pio/build/genericSTM32F405RG/lib5d2/Wire/Wire.cpp.o
                0x080078a0                TwoWire::read()
 .text._ZN7TwoWire4peekEv
                0x080078ba       0x12 .pio/build/genericSTM32F405RG/lib5d2/Wire/Wire.cpp.o
                0x080078ba                TwoWire::peek()
 .text._ZN7TwoWireC2Emm
                0x080078cc       0xcc .pio/build/genericSTM32F405RG/lib5d2/Wire/Wire.cpp.o
                0x080078cc                TwoWire::TwoWire(unsigned long, unsigned long)
                0x080078cc                TwoWire::TwoWire(unsigned long, unsigned long)
 .text._ZN7TwoWire3endEv
                0x08007998       0x28 .pio/build/genericSTM32F405RG/lib5d2/Wire/Wire.cpp.o
                0x08007998                TwoWire::end()
 .text._ZN7TwoWireD2Ev
                0x080079c0       0x28 .pio/build/genericSTM32F405RG/lib5d2/Wire/Wire.cpp.o
                0x080079c0                TwoWire::~TwoWire()
                0x080079c0                TwoWire::~TwoWire()
 .text._ZN7TwoWire16allocateTxBufferEj
                0x080079e8       0x32 .pio/build/genericSTM32F405RG/lib5d2/Wire/Wire.cpp.o
                0x080079e8                TwoWire::allocateTxBuffer(unsigned int)
 .text._ZN7TwoWire5writeEh
                0x08007a1a       0x42 .pio/build/genericSTM32F405RG/lib5d2/Wire/Wire.cpp.o
                0x08007a1a                TwoWire::write(unsigned char)
 .text._ZN7TwoWire5writeEPKhj
                0x08007a5c       0x42 .pio/build/genericSTM32F405RG/lib5d2/Wire/Wire.cpp.o
                0x08007a5c                TwoWire::write(unsigned char const*, unsigned int)
 .text._ZN7TwoWire13resetRxBufferEv
                0x08007a9e       0x10 .pio/build/genericSTM32F405RG/lib5d2/Wire/Wire.cpp.o
                0x08007a9e                TwoWire::resetRxBuffer()
 .text._ZN7TwoWire13resetTxBufferEv
                0x08007aae       0x10 .pio/build/genericSTM32F405RG/lib5d2/Wire/Wire.cpp.o
                0x08007aae                TwoWire::resetTxBuffer()
 .text._ZN7TwoWire5flushEv
                0x08007abe       0x18 .pio/build/genericSTM32F405RG/lib5d2/Wire/Wire.cpp.o
                0x08007abe                TwoWire::flush()
 *fill*         0x08007ad6        0x2 
 .text.startup._GLOBAL__sub_I__ZN7TwoWireC2Emm
                0x08007ad8       0x10 .pio/build/genericSTM32F405RG/lib5d2/Wire/Wire.cpp.o
 .text.exit._GLOBAL__sub_D__ZN7TwoWireC2Emm
                0x08007ae8        0xc .pio/build/genericSTM32F405RG/lib5d2/Wire/Wire.cpp.o
 .text.i2c_deinit
                0x08007af4       0xa0 .pio/build/genericSTM32F405RG/lib5d2/Wire/utility/twi.c.o
                0x08007af4                i2c_deinit
 .text.i2c_slave_write_IT
                0x08007b94       0x34 .pio/build/genericSTM32F405RG/lib5d2/Wire/utility/twi.c.o
                0x08007b94                i2c_slave_write_IT
 .text.HAL_I2C_AddrCallback
                0x08007bc8       0x68 .pio/build/genericSTM32F405RG/lib5d2/Wire/utility/twi.c.o
                0x08007bc8                HAL_I2C_AddrCallback
 .text.HAL_I2C_ListenCpltCallback
                0x08007c30       0x2a .pio/build/genericSTM32F405RG/lib5d2/Wire/utility/twi.c.o
                0x08007c30                HAL_I2C_ListenCpltCallback
 .text.HAL_I2C_SlaveRxCpltCallback
                0x08007c5a       0x24 .pio/build/genericSTM32F405RG/lib5d2/Wire/utility/twi.c.o
                0x08007c5a                HAL_I2C_SlaveRxCpltCallback
 .text.HAL_I2C_SlaveTxCpltCallback
                0x08007c7e        0x8 .pio/build/genericSTM32F405RG/lib5d2/Wire/utility/twi.c.o
                0x08007c7e                HAL_I2C_SlaveTxCpltCallback
 .text.HAL_I2C_ErrorCallback
                0x08007c86        0xc .pio/build/genericSTM32F405RG/lib5d2/Wire/utility/twi.c.o
                0x08007c86                HAL_I2C_ErrorCallback
 *fill*         0x08007c92        0x2 
 .text.I2C1_EV_IRQHandler
                0x08007c94        0xc .pio/build/genericSTM32F405RG/lib5d2/Wire/utility/twi.c.o
                0x08007c94                I2C1_EV_IRQHandler
 .text.I2C1_ER_IRQHandler
                0x08007ca0        0xc .pio/build/genericSTM32F405RG/lib5d2/Wire/utility/twi.c.o
                0x08007ca0                I2C1_ER_IRQHandler
 .text.I2C2_EV_IRQHandler
                0x08007cac        0xc .pio/build/genericSTM32F405RG/lib5d2/Wire/utility/twi.c.o
                0x08007cac                I2C2_EV_IRQHandler
 .text.I2C2_ER_IRQHandler
                0x08007cb8        0xc .pio/build/genericSTM32F405RG/lib5d2/Wire/utility/twi.c.o
                0x08007cb8                I2C2_ER_IRQHandler
 .text.I2C3_EV_IRQHandler
                0x08007cc4        0xc .pio/build/genericSTM32F405RG/lib5d2/Wire/utility/twi.c.o
                0x08007cc4                I2C3_EV_IRQHandler
 .text.I2C3_ER_IRQHandler
                0x08007cd0        0xc .pio/build/genericSTM32F405RG/lib5d2/Wire/utility/twi.c.o
                0x08007cd0                I2C3_ER_IRQHandler
 .text._ZN8SPIClassC2Emmmm
                0x08007cdc      0x12c .pio/build/genericSTM32F405RG/lib9a6/SPI/SPI.cpp.o
                0x08007cdc                SPIClass::SPIClass(unsigned long, unsigned long, unsigned long, unsigned long)
                0x08007cdc                SPIClass::SPIClass(unsigned long, unsigned long, unsigned long, unsigned long)
 .text.startup._GLOBAL__sub_I_SPI
                0x08007e08       0x1c .pio/build/genericSTM32F405RG/lib9a6/SPI/SPI.cpp.o
 .text._ZN9BLDCMotor10linkDriverEP10BLDCDriver
                0x08007e24        0x6 .pio/build/genericSTM32F405RG/libe78/Simple FOC/BLDCMotor.cpp.o
                0x08007e24                BLDCMotor::linkDriver(BLDCDriver*)
 *fill*         0x08007e2a        0x2 
 .text._ZN9BLDCMotor7disableEv
                0x08007e2c       0x3c .pio/build/genericSTM32F405RG/libe78/Simple FOC/BLDCMotor.cpp.o
                0x08007e2c                BLDCMotor::disable()
 .text._ZN9BLDCMotor12estimateBEMFEf
                0x08007e68       0x24 .pio/build/genericSTM32F405RG/libe78/Simple FOC/BLDCMotor.cpp.o
                0x08007e68                BLDCMotor::estimateBEMF(float)
 .text._ZN9BLDCMotor6enableEv
                0x08007e8c       0x5c .pio/build/genericSTM32F405RG/libe78/Simple FOC/BLDCMotor.cpp.o
                0x08007e8c                BLDCMotor::enable()
 .text._ZN9BLDCMotor15setPhaseVoltageEfff
                0x08007ee8      0x31c .pio/build/genericSTM32F405RG/libe78/Simple FOC/BLDCMotor.cpp.o
                0x08007ee8                BLDCMotor::setPhaseVoltage(float, float, float)
 .text._ZN9BLDCMotor4initEv
                0x08008204      0x110 .pio/build/genericSTM32F405RG/libe78/Simple FOC/BLDCMotor.cpp.o
                0x08008204                BLDCMotor::init()
 .text._ZN9BLDCMotorC2Eiffff
                0x08008314       0x4c .pio/build/genericSTM32F405RG/libe78/Simple FOC/BLDCMotor.cpp.o
                0x08008314                BLDCMotor::BLDCMotor(int, float, float, float, float)
                0x08008314                BLDCMotor::BLDCMotor(int, float, float, float, float)
 .text._ZN12CurrentSense6enableEv
                0x08008360        0x2 .pio/build/genericSTM32F405RG/libe78/Simple FOC/common/base_classes/CurrentSense.cpp.o
                0x08008360                CurrentSense::enable()
                0x08008360                CurrentSense::disable()
 *fill*         0x08008362        0x2 
 .text._ZN12CurrentSense13getABCurrentsE7Phase_s
                0x08008364       0x9c .pio/build/genericSTM32F405RG/libe78/Simple FOC/common/base_classes/CurrentSense.cpp.o
                0x08008364                CurrentSense::getABCurrents(Phase_s)
 .text._ZN12CurrentSense12getDCCurrentEf
                0x08008400       0x7c .pio/build/genericSTM32F405RG/libe78/Simple FOC/common/base_classes/CurrentSense.cpp.o
                0x08008400                CurrentSense::getDCCurrent(float)
 .text._ZN12CurrentSense13getDQCurrentsE4AB_sf
                0x0800847c       0x3e .pio/build/genericSTM32F405RG/libe78/Simple FOC/common/base_classes/CurrentSense.cpp.o
                0x0800847c                CurrentSense::getDQCurrents(AB_s, float)
 .text._ZN12CurrentSense14getFOCCurrentsEf
                0x080084ba       0x2c .pio/build/genericSTM32F405RG/libe78/Simple FOC/common/base_classes/CurrentSense.cpp.o
                0x080084ba                CurrentSense::getFOCCurrents(float)
 .text._ZN12CurrentSense10linkDriverEP9FOCDriver
                0x080084e6       0x12 .pio/build/genericSTM32F405RG/libe78/Simple FOC/common/base_classes/CurrentSense.cpp.o
                0x080084e6                CurrentSense::linkDriver(FOCDriver*)
 .text._ZN12CurrentSense19readAverageCurrentsEi
                0x080084f8       0x98 .pio/build/genericSTM32F405RG/libe78/Simple FOC/common/base_classes/CurrentSense.cpp.o
                0x080084f8                CurrentSense::readAverageCurrents(int)
 .text._ZN12CurrentSense15alignBLDCDriverEfP10BLDCDriverb
                0x08008590      0x4fc .pio/build/genericSTM32F405RG/libe78/Simple FOC/common/base_classes/CurrentSense.cpp.o
                0x08008590                CurrentSense::alignBLDCDriver(float, BLDCDriver*, bool)
 .text._ZN12CurrentSense18alignStepperDriverEfP13StepperDriverb
                0x08008a8c      0x218 .pio/build/genericSTM32F405RG/libe78/Simple FOC/common/base_classes/CurrentSense.cpp.o
                0x08008a8c                CurrentSense::alignStepperDriver(float, StepperDriver*, bool)
 .text._ZN12CurrentSense17alignHybridDriverEfP10BLDCDriverb
                0x08008ca4      0x560 .pio/build/genericSTM32F405RG/libe78/Simple FOC/common/base_classes/CurrentSense.cpp.o
                0x08008ca4                CurrentSense::alignHybridDriver(float, BLDCDriver*, bool)
 .text._ZN12CurrentSense11driverAlignEfb
                0x08009204       0x4c .pio/build/genericSTM32F405RG/libe78/Simple FOC/common/base_classes/CurrentSense.cpp.o
                0x08009204                CurrentSense::driverAlign(float, bool)
 .text._ZN8FOCMotor12estimateBEMFEf
                0x08009250        0xc .pio/build/genericSTM32F405RG/libe78/Simple FOC/common/base_classes/FOCMotor.cpp.o
                0x08009250                FOCMotor::estimateBEMF(float)
 .text._ZN8FOCMotorC2Ev
                0x0800925c      0x1b4 .pio/build/genericSTM32F405RG/libe78/Simple FOC/common/base_classes/FOCMotor.cpp.o
                0x0800925c                FOCMotor::FOCMotor()
                0x0800925c                FOCMotor::FOCMotor()
 .text._ZN8FOCMotor10linkSensorEP6Sensor
                0x08009410        0x6 .pio/build/genericSTM32F405RG/libe78/Simple FOC/common/base_classes/FOCMotor.cpp.o
                0x08009410                FOCMotor::linkSensor(Sensor*)
 .text._ZN8FOCMotor16linkCurrentSenseEP12CurrentSense
                0x08009416        0x6 .pio/build/genericSTM32F405RG/libe78/Simple FOC/common/base_classes/FOCMotor.cpp.o
                0x08009416                FOCMotor::linkCurrentSense(CurrentSense*)
 .text._ZN8FOCMotor10shaftAngleEv
                0x0800941c       0x38 .pio/build/genericSTM32F405RG/libe78/Simple FOC/common/base_classes/FOCMotor.cpp.o
                0x0800941c                FOCMotor::shaftAngle()
 .text._ZN8FOCMotor13shaftVelocityEv
                0x08009454       0x38 .pio/build/genericSTM32F405RG/libe78/Simple FOC/common/base_classes/FOCMotor.cpp.o
                0x08009454                FOCMotor::shaftVelocity()
 .text._ZN8FOCMotor15electricalAngleEv
                0x0800948c       0x46 .pio/build/genericSTM32F405RG/libe78/Simple FOC/common/base_classes/FOCMotor.cpp.o
                0x0800948c                FOCMotor::electricalAngle()
 *fill*         0x080094d2        0x2 
 .text._ZN8FOCMotor7loopFOCEv
                0x080094d4      0x458 .pio/build/genericSTM32F405RG/libe78/Simple FOC/common/base_classes/FOCMotor.cpp.o
                0x080094d4                FOCMotor::loopFOC()
 .text._ZN8FOCMotor13useMonitoringER5Print
                0x0800992c       0x24 .pio/build/genericSTM32F405RG/libe78/Simple FOC/common/base_classes/FOCMotor.cpp.o
                0x0800992c                FOCMotor::useMonitoring(Print&)
 .text._ZN8FOCMotor16velocityOpenloopEf
                0x08009950       0x88 .pio/build/genericSTM32F405RG/libe78/Simple FOC/common/base_classes/FOCMotor.cpp.o
                0x08009950                FOCMotor::velocityOpenloop(float)
 .text._ZN8FOCMotor13angleOpenloopEf
                0x080099d8       0xd4 .pio/build/genericSTM32F405RG/libe78/Simple FOC/common/base_classes/FOCMotor.cpp.o
                0x080099d8                FOCMotor::angleOpenloop(float)
 .text._ZN8FOCMotor4moveEf
                0x08009aac      0x188 .pio/build/genericSTM32F405RG/libe78/Simple FOC/common/base_classes/FOCMotor.cpp.o
                0x08009aac                FOCMotor::move(float)
 .text._ZN8FOCMotor19updateVelocityLimitEf
                0x08009c34       0x16 .pio/build/genericSTM32F405RG/libe78/Simple FOC/common/base_classes/FOCMotor.cpp.o
                0x08009c34                FOCMotor::updateVelocityLimit(float)
 .text._ZN8FOCMotor18updateCurrentLimitEf
                0x08009c4a       0x1c .pio/build/genericSTM32F405RG/libe78/Simple FOC/common/base_classes/FOCMotor.cpp.o
                0x08009c4a                FOCMotor::updateCurrentLimit(float)
 .text._ZN8FOCMotor18updateVoltageLimitEf
                0x08009c66       0x24 .pio/build/genericSTM32F405RG/libe78/Simple FOC/common/base_classes/FOCMotor.cpp.o
                0x08009c66                FOCMotor::updateVoltageLimit(float)
 *fill*         0x08009c8a        0x2 
 .text._ZN8FOCMotor17alignCurrentSenseEv
                0x08009c8c       0x68 .pio/build/genericSTM32F405RG/libe78/Simple FOC/common/base_classes/FOCMotor.cpp.o
                0x08009c8c                FOCMotor::alignCurrentSense()
 .text._ZN8FOCMotor18absoluteZeroSearchEv
                0x08009cf4       0xd4 .pio/build/genericSTM32F405RG/libe78/Simple FOC/common/base_classes/FOCMotor.cpp.o
                0x08009cf4                FOCMotor::absoluteZeroSearch()
 .text._ZN8FOCMotor11alignSensorEv
                0x08009dc8      0x280 .pio/build/genericSTM32F405RG/libe78/Simple FOC/common/base_classes/FOCMotor.cpp.o
                0x08009dc8                FOCMotor::alignSensor()
 .text._ZN8FOCMotor7initFOCEv
                0x0800a048       0xd8 .pio/build/genericSTM32F405RG/libe78/Simple FOC/common/base_classes/FOCMotor.cpp.o
                0x0800a048                FOCMotor::initFOC()
 .text._ZN6Sensor18getMechanicalAngleEv
                0x0800a120        0x6 .pio/build/genericSTM32F405RG/libe78/Simple FOC/common/base_classes/Sensor.cpp.o
                0x0800a120                Sensor::getMechanicalAngle()
 *fill*         0x0800a126        0x2 
 .text._ZN6Sensor8getAngleEv
                0x0800a128       0x1c .pio/build/genericSTM32F405RG/libe78/Simple FOC/common/base_classes/Sensor.cpp.o
                0x0800a128                Sensor::getAngle()
 *fill*         0x0800a144        0x4 
 .text._ZN6Sensor15getPreciseAngleEv
                0x0800a148       0x38 .pio/build/genericSTM32F405RG/libe78/Simple FOC/common/base_classes/Sensor.cpp.o
                0x0800a148                Sensor::getPreciseAngle()
 .text._ZN6Sensor16getFullRotationsEv
                0x0800a180        0x4 .pio/build/genericSTM32F405RG/libe78/Simple FOC/common/base_classes/Sensor.cpp.o
                0x0800a180                Sensor::getFullRotations()
 .text._ZN6Sensor11needsSearchEv
                0x0800a184        0x4 .pio/build/genericSTM32F405RG/libe78/Simple FOC/common/base_classes/Sensor.cpp.o
                0x0800a184                Sensor::needsSearch()
 .text._Z4_sinf
                0x0800a188       0x80 .pio/build/genericSTM32F405RG/libe78/Simple FOC/common/foc_utils.cpp.o
                0x0800a188                _sin(float)
 .text._Z4_cosf
                0x0800a208       0x2c .pio/build/genericSTM32F405RG/libe78/Simple FOC/common/foc_utils.cpp.o
                0x0800a208                _cos(float)
 .text._Z7_sincosfPfS_
                0x0800a234       0x28 .pio/build/genericSTM32F405RG/libe78/Simple FOC/common/foc_utils.cpp.o
                0x0800a234                _sincos(float, float*, float*)
 .text._Z15_normalizeAnglef
                0x0800a25c       0x2c .pio/build/genericSTM32F405RG/libe78/Simple FOC/common/foc_utils.cpp.o
                0x0800a25c                _normalizeAngle(float)
 .text._Z16_electricalAnglefi
                0x0800a288        0xe .pio/build/genericSTM32F405RG/libe78/Simple FOC/common/foc_utils.cpp.o
                0x0800a288                _electricalAngle(float, int)
 *fill*         0x0800a296        0x2 
 .text._Z11_sqrtApproxf
                0x0800a298       0x1c .pio/build/genericSTM32F405RG/libe78/Simple FOC/common/foc_utils.cpp.o
                0x0800a298                _sqrtApprox(float)
 .text._ZN13LowPassFilterC2Eff
                0x0800a2b4       0x1a .pio/build/genericSTM32F405RG/libe78/Simple FOC/common/lowpass_filter.cpp.o
                0x0800a2b4                LowPassFilter::LowPassFilter(float, float)
                0x0800a2b4                LowPassFilter::LowPassFilter(float, float)
 *fill*         0x0800a2ce        0x2 
 .text._ZN13LowPassFilterclEf
                0x0800a2d0       0x88 .pio/build/genericSTM32F405RG/libe78/Simple FOC/common/lowpass_filter.cpp.o
                0x0800a2d0                LowPassFilter::operator()(float)
 .text._ZN13PIDControllerC2Effffff
                0x0800a358       0x2e .pio/build/genericSTM32F405RG/libe78/Simple FOC/common/pid.cpp.o
                0x0800a358                PIDController::PIDController(float, float, float, float, float, float)
                0x0800a358                PIDController::PIDController(float, float, float, float, float, float)
 *fill*         0x0800a386        0x2 
 .text._ZN13PIDControllerclEf
                0x0800a388      0x160 .pio/build/genericSTM32F405RG/libe78/Simple FOC/common/pid.cpp.o
                0x0800a388                PIDController::operator()(float)
 .text._ZN13PIDController5resetEv
                0x0800a4e8        0xa .pio/build/genericSTM32F405RG/libe78/Simple FOC/common/pid.cpp.o
                0x0800a4e8                PIDController::reset()
 .text._Z6_delaym
                0x0800a4f2        0x4 .pio/build/genericSTM32F405RG/libe78/Simple FOC/common/time_utils.cpp.o
                0x0800a4f2                _delay(unsigned long)
 .text._Z7_microsv
                0x0800a4f6        0x4 .pio/build/genericSTM32F405RG/libe78/Simple FOC/common/time_utils.cpp.o
                0x0800a4f6                _micros()
 *fill*         0x0800a4fa        0x2 
 .text._ZN14SimpleFOCDebug6enableEP5Print
                0x0800a4fc        0xc .pio/build/genericSTM32F405RG/libe78/Simple FOC/communication/SimpleFOCDebug.cpp.o
                0x0800a4fc                SimpleFOCDebug::enable(Print*)
 .text._ZN14SimpleFOCDebug7printlnEi
                0x0800a508       0x14 .pio/build/genericSTM32F405RG/libe78/Simple FOC/communication/SimpleFOCDebug.cpp.o
                0x0800a508                SimpleFOCDebug::println(int)
 .text._ZN14SimpleFOCDebug7printlnEPKc
                0x0800a51c       0x14 .pio/build/genericSTM32F405RG/libe78/Simple FOC/communication/SimpleFOCDebug.cpp.o
                0x0800a51c                SimpleFOCDebug::println(char const*)
 .text._ZN14SimpleFOCDebug7printlnEPK19__FlashStringHelper
                0x0800a530       0x14 .pio/build/genericSTM32F405RG/libe78/Simple FOC/communication/SimpleFOCDebug.cpp.o
                0x0800a530                SimpleFOCDebug::println(__FlashStringHelper const*)
 .text._ZN14SimpleFOCDebug7printlnEPKcf
                0x0800a544       0x34 .pio/build/genericSTM32F405RG/libe78/Simple FOC/communication/SimpleFOCDebug.cpp.o
                0x0800a544                SimpleFOCDebug::println(char const*, float)
 .text._ZN14SimpleFOCDebug7printlnEPK19__FlashStringHelperf
                0x0800a578       0x34 .pio/build/genericSTM32F405RG/libe78/Simple FOC/communication/SimpleFOCDebug.cpp.o
                0x0800a578                SimpleFOCDebug::println(__FlashStringHelper const*, float)
 .text._ZN14SimpleFOCDebug7printlnEPKci
                0x0800a5ac       0x28 .pio/build/genericSTM32F405RG/libe78/Simple FOC/communication/SimpleFOCDebug.cpp.o
                0x0800a5ac                SimpleFOCDebug::println(char const*, int)
 .text._ZN14SimpleFOCDebug7printlnEPK19__FlashStringHelperi
                0x0800a5d4       0x28 .pio/build/genericSTM32F405RG/libe78/Simple FOC/communication/SimpleFOCDebug.cpp.o
                0x0800a5d4                SimpleFOCDebug::println(__FlashStringHelper const*, int)
 .text._ZN14SimpleFOCDebug5printEPKc
                0x0800a5fc       0x14 .pio/build/genericSTM32F405RG/libe78/Simple FOC/communication/SimpleFOCDebug.cpp.o
                0x0800a5fc                SimpleFOCDebug::print(char const*)
 .text._ZN14SimpleFOCDebug5printEi
                0x0800a610       0x14 .pio/build/genericSTM32F405RG/libe78/Simple FOC/communication/SimpleFOCDebug.cpp.o
                0x0800a610                SimpleFOCDebug::print(int)
 .text._ZN14SimpleFOCDebug5printEf
                0x0800a624       0x14 .pio/build/genericSTM32F405RG/libe78/Simple FOC/communication/SimpleFOCDebug.cpp.o
                0x0800a624                SimpleFOCDebug::print(float)
 .text._ZN19LowsideCurrentSense16getPhaseCurrentsEv
                0x0800a638       0xbc .pio/build/genericSTM32F405RG/libe78/Simple FOC/current_sense/LowsideCurrentSense.cpp.o
                0x0800a638                LowsideCurrentSense::getPhaseCurrents()
 .text._ZN19LowsideCurrentSenseC2Effiii
                0x0800a6f4       0x44 .pio/build/genericSTM32F405RG/libe78/Simple FOC/current_sense/LowsideCurrentSense.cpp.o
                0x0800a6f4                LowsideCurrentSense::LowsideCurrentSense(float, float, int, int, int)
                0x0800a6f4                LowsideCurrentSense::LowsideCurrentSense(float, float, int, int, int)
 .text._ZN19LowsideCurrentSense16calibrateOffsetsEv
                0x0800a738      0x110 .pio/build/genericSTM32F405RG/libe78/Simple FOC/current_sense/LowsideCurrentSense.cpp.o
                0x0800a738                LowsideCurrentSense::calibrateOffsets()
 .text._ZN19LowsideCurrentSense4initEv
                0x0800a848       0x8c .pio/build/genericSTM32F405RG/libe78/Simple FOC/current_sense/LowsideCurrentSense.cpp.o
                0x0800a848                LowsideCurrentSense::init()
 .text._Z30_startADC3PinConversionLowSidev
                0x0800a8d4        0x2 .pio/build/genericSTM32F405RG/libe78/Simple FOC/current_sense/hardware_specific/generic_mcu.cpp.o
                0x0800a8d4                _startADC3PinConversionLowSide()
 *fill*         0x0800a8d6        0x2 
 .text._Z11_adcToIndexP11ADC_TypeDef
                0x0800a8d8       0x28 .pio/build/genericSTM32F405RG/libe78/Simple FOC/current_sense/hardware_specific/stm32/stm32_adc_utils.cpp.o
                0x0800a8d8                _adcToIndex(ADC_TypeDef*)
 .text._Z11_adcToIndexP17ADC_HandleTypeDef
                0x0800a900        0x6 .pio/build/genericSTM32F405RG/libe78/Simple FOC/current_sense/hardware_specific/stm32/stm32_adc_utils.cpp.o
                0x0800a900                _adcToIndex(ADC_HandleTypeDef*)
 .text._Z11_indexToADCh
                0x0800a906       0x12 .pio/build/genericSTM32F405RG/libe78/Simple FOC/current_sense/hardware_specific/stm32/stm32_adc_utils.cpp.o
                0x0800a906                _indexToADC(unsigned char)
 .text._Z21_findIndexOfLastEntry7PinName